[    0.000000] Booting Linux on physical CPU 0x0000000000 [0x410fd083]
[    0.000000] Linux version 6.1.0-7-arm64 (debian-kernel@lists.debian.org) (gcc-12 (Debian 12.2.0-14) 12.2.0, GNU ld (GNU Binutils for Debian) 2.40) #1 SMP Debian 6.1.20-1 (2023-03-19)
[    0.000000] random: crng init done
[    0.000000] Machine model: Raspberry Pi Compute Module 4 Rev 1.1
[    0.000000] efi: UEFI not found.
[    0.000000] Reserved memory: created CMA memory pool at 0x0000000037400000, size 64 MiB
[    0.000000] OF: reserved mem: initialized node linux,cma, compatible id shared-dma-pool
[    0.000000] NUMA: No NUMA configuration found
[    0.000000] NUMA: Faking a node at [mem 0x0000000000000000-0x00000001ffffffff]
[    0.000000] NUMA: NODE_DATA [mem 0x1ff012380-0x1ff014fff]
[    0.000000] Zone ranges:
[    0.000000]   DMA      [mem 0x0000000000000000-0x000000003fffffff]
[    0.000000]   DMA32    [mem 0x0000000040000000-0x00000000ffffffff]
[    0.000000]   Normal   [mem 0x0000000100000000-0x00000001ffffffff]
[    0.000000] Movable zone start for each node
[    0.000000] Early memory node ranges
[    0.000000]   node   0: [mem 0x0000000000000000-0x000000003b3fffff]
[    0.000000]   node   0: [mem 0x0000000040000000-0x00000000fbffffff]
[    0.000000]   node   0: [mem 0x0000000100000000-0x00000001ffffffff]
[    0.000000] Initmem setup node 0 [mem 0x0000000000000000-0x00000001ffffffff]
[    0.000000] On node 0, zone DMA32: 19456 pages in unavailable ranges
[    0.000000] On node 0, zone Normal: 16384 pages in unavailable ranges
[    0.000000] percpu: Embedded 30 pages/cpu s83560 r8192 d31128 u122880
[    0.000000] pcpu-alloc: s83560 r8192 d31128 u122880 alloc=30*4096
[    0.000000] pcpu-alloc: [0] 0 [0] 1 [0] 2 [0] 3 
[    0.000000] Detected PIPT I-cache on CPU0
[    0.000000] CPU features: detected: Spectre-v2
[    0.000000] CPU features: detected: Spectre-v3a
[    0.000000] CPU features: detected: Spectre-v4
[    0.000000] CPU features: detected: Spectre-BHB
[    0.000000] CPU features: kernel page table isolation forced ON by KASLR
[    0.000000] CPU features: detected: Kernel page table isolation (KPTI)
[    0.000000] CPU features: detected: ARM erratum 1742098
[    0.000000] CPU features: detected: ARM errata 1165522, 1319367, or 1530923
[    0.000000] alternatives: applying boot alternatives
[    0.000000] Fallback order for Node 0: 0 
[    0.000000] Built 1 zonelists, mobility grouping on.  Total pages: 2028848
[    0.000000] Policy zone: Normal
[    0.000000] Kernel command line: video=HDMI-A-1:1600x1200M@60 dma.dmachans=0x37f5 bcm2709.boardrev=0xd03141 bcm2709.serial=0xc2ac5161 bcm2709.uart_clock=48000000 smsc95xx.macaddr=E4:5F:01:E3:49:90 vc_mem.mem_base=0x3ec00000 vc_mem.mem_size=0x40000000  console=ttyS1,115200 root=LABEL=RASPIROOT rw fsck.repair=yes net.ifnames=0  rootwait early_con
[    0.000000] Unknown kernel command line parameters "early_con", will be passed to user space.
[    0.000000] Dentry cache hash table entries: 1048576 (order: 11, 8388608 bytes, linear)
[    0.000000] Inode-cache hash table entries: 524288 (order: 10, 4194304 bytes, linear)
[    0.000000] mem auto-init: stack:all(zero), heap alloc:on, heap free:off
[    0.000000] software IO TLB: area num 4.
[    0.000000] software IO TLB: mapped [mem 0x0000000033400000-0x0000000037400000] (64MB)
[    0.000000] Memory: 3977956K/8245248K available (12736K kernel code, 2752K rwdata, 18048K rodata, 6208K init, 610K bss, 299592K reserved, 65536K cma-reserved)
[    0.000000] SLUB: HWalign=64, Order=0-3, MinObjects=0, CPUs=4, Nodes=1
[    0.000000] ftrace: allocating 42837 entries in 168 pages
[    0.000000] ftrace: allocated 168 pages with 3 groups
[    0.000000] trace event string verifier disabled
[    0.000000] rcu: Hierarchical RCU implementation.
[    0.000000] rcu: 	RCU restricting CPUs from NR_CPUS=256 to nr_cpu_ids=4.
[    0.000000] 	Rude variant of Tasks RCU enabled.
[    0.000000] 	Tracing variant of Tasks RCU enabled.
[    0.000000] rcu: RCU calculated value of scheduler-enlistment delay is 25 jiffies.
[    0.000000] rcu: Adjusting geometry for rcu_fanout_leaf=16, nr_cpu_ids=4
[    0.000000] NR_IRQS: 64, nr_irqs: 64, preallocated irqs: 0
[    0.000000] Root IRQ handler: gic_handle_irq
[    0.000000] GIC: Using split EOI/Deactivate mode
[    0.000000] rcu: srcu_init: Setting srcu_struct sizes based on contention.
[    0.000000] arch_timer: cp15 timer(s) running at 54.00MHz (phys).
[    0.000000] clocksource: arch_sys_counter: mask: 0xffffffffffffff max_cycles: 0xc743ce346, max_idle_ns: 440795203123 ns
[    0.000000] sched_clock: 56 bits at 54MHz, resolution 18ns, wraps every 4398046511102ns
[    0.000168] Console: colour dummy device 80x25
[    0.000225] Calibrating delay loop (skipped), value calculated using timer frequency.. 108.00 BogoMIPS (lpj=216000)
[    0.000233] pid_max: default: 32768 minimum: 301
[    0.000292] LSM: Security Framework initializing
[    0.000321] landlock: Up and running.
[    0.000322] Yama: disabled by default; enable with sysctl kernel.yama.*
[    0.000408] AppArmor: AppArmor initialized
[    0.000413] TOMOYO Linux initialized
[    0.000433] LSM support for eBPF active
[    0.000535] Mount-cache hash table entries: 16384 (order: 5, 131072 bytes, linear)
[    0.000588] Mountpoint-cache hash table entries: 16384 (order: 5, 131072 bytes, linear)
[    0.001821] cblist_init_generic: Setting adjustable number of callback queues.
[    0.001831] cblist_init_generic: Setting shift to 2 and lim to 1.
[    0.001884] cblist_init_generic: Setting shift to 2 and lim to 1.
[    0.002016] rcu: Hierarchical SRCU implementation.
[    0.002018] rcu: 	Max phase no-delay instances is 1000.
[    0.003137] EFI services will not be available.
[    0.003446] smp: Bringing up secondary CPUs ...
[    0.003832] Detected PIPT I-cache on CPU1
[    0.003919] CPU1: Booted secondary processor 0x0000000001 [0x410fd083]
[    0.004311] Detected PIPT I-cache on CPU2
[    0.004361] CPU2: Booted secondary processor 0x0000000002 [0x410fd083]
[    0.004731] Detected PIPT I-cache on CPU3
[    0.004784] CPU3: Booted secondary processor 0x0000000003 [0x410fd083]
[    0.004828] smp: Brought up 1 node, 4 CPUs
[    0.004832] SMP: Total of 4 processors activated.
[    0.004834] CPU features: detected: 32-bit EL0 Support
[    0.004836] CPU features: detected: 32-bit EL1 Support
[    0.004839] CPU features: detected: CRC32 instructions
[    0.004890] CPU: All CPU(s) started at EL2
[    0.004900] alternatives: applying system-wide alternatives
[    0.073494] node 0 deferred pages initialised in 68ms
[    0.074859] devtmpfs: initialized
[    0.080042] Registered cp15_barrier emulation handler
[    0.080055] Registered setend emulation handler
[    0.080185] clocksource: jiffies: mask: 0xffffffff max_cycles: 0xffffffff, max_idle_ns: 7645041785100000 ns
[    0.080222] futex hash table entries: 1024 (order: 4, 65536 bytes, linear)
[    0.081661] pinctrl core: initialized pinctrl subsystem
[    0.082506] DMI not present or invalid.
[    0.082840] NET: Registered PF_NETLINK/PF_ROUTE protocol family
[    0.084186] DMA: preallocated 1024 KiB GFP_KERNEL pool for atomic allocations
[    0.084682] DMA: preallocated 1024 KiB GFP_KERNEL|GFP_DMA pool for atomic allocations
[    0.085629] DMA: preallocated 1024 KiB GFP_KERNEL|GFP_DMA32 pool for atomic allocations
[    0.085656] audit: initializing netlink subsys (disabled)
[    0.085818] audit: type=2000 audit(0.084:1): state=initialized audit_enabled=0 res=1
[    0.086397] thermal_sys: Registered thermal governor 'fair_share'
[    0.086402] thermal_sys: Registered thermal governor 'bang_bang'
[    0.086404] thermal_sys: Registered thermal governor 'step_wise'
[    0.086406] thermal_sys: Registered thermal governor 'user_space'
[    0.086408] thermal_sys: Registered thermal governor 'power_allocator'
[    0.086528] cpuidle: using governor ladder
[    0.086546] cpuidle: using governor menu
[    0.086693] hw-breakpoint: found 6 breakpoint and 4 watchpoint registers.
[    0.086751] ASID allocator initialised with 32768 entries
[    0.086993] Serial: AMBA PL011 UART driver
[    0.094646] KASLR enabled
[    0.097870] HugeTLB: registered 1.00 GiB page size, pre-allocated 0 pages
[    0.097876] HugeTLB: 0 KiB vmemmap can be freed for a 1.00 GiB page
[    0.097880] HugeTLB: registered 32.0 MiB page size, pre-allocated 0 pages
[    0.097882] HugeTLB: 0 KiB vmemmap can be freed for a 32.0 MiB page
[    0.097885] HugeTLB: registered 2.00 MiB page size, pre-allocated 0 pages
[    0.097887] HugeTLB: 0 KiB vmemmap can be freed for a 2.00 MiB page
[    0.097890] HugeTLB: registered 64.0 KiB page size, pre-allocated 0 pages
[    0.097892] HugeTLB: 0 KiB vmemmap can be freed for a 64.0 KiB page
[    0.108760] ACPI: Interpreter disabled.
[    0.108983] iommu: Default domain type: Translated 
[    0.108987] iommu: DMA domain TLB invalidation policy: strict mode 
[    0.109131] EDAC MC: Ver: 3.0.0
[    0.109950] NetLabel: Initializing
[    0.109953] NetLabel:  domain hash size = 128
[    0.109955] NetLabel:  protocols = UNLABELED CIPSOv4 CALIPSO
[    0.109992] NetLabel:  unlabeled traffic allowed by default
[    0.110129] vgaarb: loaded
[    0.110360] clocksource: Switched to clocksource arch_sys_counter
[    0.110713] VFS: Disk quotas dquot_6.6.0
[    0.110746] VFS: Dquot-cache hash table entries: 512 (order 0, 4096 bytes)
[    0.111206] AppArmor: AppArmor Filesystem Enabled
[    0.111261] pnp: PnP ACPI: disabled
[    0.115875] NET: Registered PF_INET protocol family
[    0.116501] IP idents hash table entries: 131072 (order: 8, 1048576 bytes, linear)
[    0.120328] tcp_listen_portaddr_hash hash table entries: 4096 (order: 4, 65536 bytes, linear)
[    0.120595] Table-perturb hash table entries: 65536 (order: 6, 262144 bytes, linear)
[    0.120907] TCP established hash table entries: 65536 (order: 7, 524288 bytes, linear)
[    0.122202] TCP bind hash table entries: 65536 (order: 9, 2097152 bytes, linear)
[    0.125300] TCP: Hash tables configured (established 65536 bind 65536)
[    0.125810] MPTCP token hash table entries: 8192 (order: 5, 196608 bytes, linear)
[    0.126223] UDP hash table entries: 4096 (order: 5, 131072 bytes, linear)
[    0.126408] UDP-Lite hash table entries: 4096 (order: 5, 131072 bytes, linear)
[    0.126854] NET: Registered PF_UNIX/PF_LOCAL protocol family
[    0.126906] NET: Registered PF_XDP protocol family
[    0.126918] PCI: CLS 0 bytes, default 64
[    0.127469] Trying to unpack rootfs image as initramfs...
[    0.130646] hw perfevents: enabled with armv8_cortex_a72 PMU driver, 7 counters available
[    0.131142] kvm [1]: IPA Size Limit: 44 bits
[    0.133720] kvm [1]: vgic interrupt IRQ9
[    0.133830] kvm [1]: Hyp mode initialized successfully
[    0.147230] Initialise system trusted keyrings
[    0.147311] Key type blacklist registered
[    0.147693] workingset: timestamp_bits=42 max_order=21 bucket_order=0
[    0.150955] zbud: loaded
[    0.151749] integrity: Platform Keyring initialized
[    0.151772] integrity: Machine keyring initialized
[    0.151776] Key type asymmetric registered
[    0.151780] Asymmetric key parser 'x509' registered
[    1.140008] Freeing initrd memory: 32520K
[    1.153529] alg: self-tests for CTR-KDF (hmac(sha256)) passed
[    1.153616] Block layer SCSI generic (bsg) driver version 0.4 loaded (major 249)
[    1.153735] io scheduler mq-deadline registered
[    1.155921] irq_brcmstb_l2: registered L2 intc (/soc/interrupt-controller@7ef00100, parent irq: 18)
[    1.159558] shpchp: Standard Hot Plug PCI Controller Driver version: 0.4
[    1.159953] brcm-pcie fd500000.pcie: host bridge /scb/pcie@7d500000 ranges:
[    1.159962] brcm-pcie fd500000.pcie:   No bus range found for /scb/pcie@7d500000, using [bus 00-ff]
[    1.159978] brcm-pcie fd500000.pcie:      MEM 0x0600000000..0x0603ffffff -> 0x00f8000000
[    1.159992] brcm-pcie fd500000.pcie:   IB MEM 0x0000000000..0x01ffffffff -> 0x0400000000
[    1.160577] brcm-pcie fd500000.pcie: PCI host bridge to bus 0000:00
[    1.160583] pci_bus 0000:00: root bus resource [bus 00-ff]
[    1.160588] pci_bus 0000:00: root bus resource [mem 0x600000000-0x603ffffff] (bus address [0xf8000000-0xfbffffff])
[    1.160613] pci 0000:00:00.0: [14e4:2711] type 01 class 0x060400
[    1.160660] pci 0000:00:00.0: PME# supported from D0 D3hot
[    1.161627] pci 0000:00:00.0: bridge configuration invalid ([bus 00-00]), reconfiguring
[    1.288412] brcm-pcie fd500000.pcie: link up, 5.0 GT/s PCIe x1 (SSC)
[    1.288443] pci 0000:01:00.0: [1b21:1064] type 00 class 0x010601
[    1.288464] pci 0000:01:00.0: reg 0x10: [mem 0x00000000-0x00001fff]
[    1.288503] pci 0000:01:00.0: reg 0x24: [mem 0x00000000-0x00001fff]
[    1.288514] pci 0000:01:00.0: reg 0x30: [mem 0x00000000-0x0007ffff pref]
[    1.288526] pci 0000:01:00.0: enabling Extended Tags
[    1.288596] pci 0000:01:00.0: PME# supported from D0 D3hot D3cold
[    1.288650] pci 0000:01:00.0: 4.000 Gb/s available PCIe bandwidth, limited by 5.0 GT/s PCIe x1 link at 0000:00:00.0 (capable of 7.876 Gb/s with 8.0 GT/s PCIe x1 link)
[    1.298387] pci_bus 0000:01: busn_res: [bus 01-ff] end is updated to 01
[    1.298406] pci 0000:00:00.0: BAR 14: assigned [mem 0x600000000-0x6000fffff]
[    1.298414] pci 0000:01:00.0: BAR 6: assigned [mem 0x600000000-0x60007ffff pref]
[    1.298419] pci 0000:01:00.0: BAR 0: assigned [mem 0x600080000-0x600081fff]
[    1.298426] pci 0000:01:00.0: BAR 5: assigned [mem 0x600082000-0x600083fff]
[    1.298434] pci 0000:00:00.0: PCI bridge to [bus 01]
[    1.298439] pci 0000:00:00.0:   bridge window [mem 0x600000000-0x6000fffff]
[    1.298534] pcieport 0000:00:00.0: enabling device (0000 -> 0002)
[    1.298602] pcieport 0000:00:00.0: PME: Signaling with IRQ 23
[    1.298770] pcieport 0000:00:00.0: AER: enabled with IRQ 23
[    1.299520] simple-framebuffer 3e474000.framebuffer: framebuffer at 0x3e474000, 0x753000 bytes
[    1.299526] simple-framebuffer 3e474000.framebuffer: format=a8r8g8b8, mode=1600x1200x32, linelength=6400
[    1.303142] Console: switching to colour frame buffer device 200x75
[    1.306414] simple-framebuffer 3e474000.framebuffer: fb0: simplefb registered!
[    1.311515] Serial: 8250/16550 driver, 4 ports, IRQ sharing enabled
[    1.312454] printk: console [ttyS1] disabled
[    1.312502] fe215040.serial: ttyS1 at MMIO 0xfe215040 (irq = 31, base_baud = 62499999) is a 16550
[    1.344924] pcieport 0000:00:00.0: AER: Multiple Corrected error received: 0000:00:00.0
[    1.344937] pcieport 0000:00:00.0: PCIe Bus Error: severity=Corrected, type=Data Link Layer, (Receiver ID)
[    1.344941] pcieport 0000:00:00.0:   device [14e4:2711] error status/mask=000000c0/00002000
[    1.344946] pcieport 0000:00:00.0:    [ 6] BadTLP                
[    1.344950] pcieport 0000:00:00.0:    [ 7] BadDLLP               
[    1.348244] pcieport 0000:00:00.0: AER: Multiple Corrected error received: 0000:00:00.0
[    1.348252] pcieport 0000:00:00.0: PCIe Bus Error: severity=Corrected, type=Data Link Layer, (Receiver ID)
[    1.348255] pcieport 0000:00:00.0:   device [14e4:2711] error status/mask=00000080/00002000
[    1.348260] pcieport 0000:00:00.0:    [ 7] BadDLLP               
[    1.356394] pcieport 0000:00:00.0: AER: Corrected error received: 0000:00:00.0
[    1.356401] pcieport 0000:00:00.0: PCIe Bus Error: severity=Corrected, type=Data Link Layer, (Receiver ID)
[    1.356404] pcieport 0000:00:00.0:   device [14e4:2711] error status/mask=00000080/00002000
[    1.356408] pcieport 0000:00:00.0:    [ 7] BadDLLP               
[    1.376277] pcieport 0000:00:00.0: AER: Corrected error received: 0000:00:00.0
[    1.376284] pcieport 0000:00:00.0: PCIe Bus Error: severity=Corrected, type=Data Link Layer, (Receiver ID)
[    1.376287] pcieport 0000:00:00.0:   device [14e4:2711] error status/mask=00000080/00002000
[    1.376291] pcieport 0000:00:00.0:    [ 7] BadDLLP               
[    1.381777] pcieport 0000:00:00.0: AER: Multiple Corrected error received: 0000:00:00.0
[    1.381784] pcieport 0000:00:00.0: PCIe Bus Error: severity=Corrected, type=Data Link Layer, (Receiver ID)
[    1.381787] pcieport 0000:00:00.0:   device [14e4:2711] error status/mask=000000c0/00002000
[    1.381791] pcieport 0000:00:00.0:    [ 6] BadTLP                
[    1.381794] pcieport 0000:00:00.0:    [ 7] BadDLLP               
[    1.384371] pcieport 0000:00:00.0: AER: Multiple Corrected error received: 0000:00:00.0
[    1.384378] pcieport 0000:00:00.0: PCIe Bus Error: severity=Corrected, type=Data Link Layer, (Receiver ID)
[    1.384381] pcieport 0000:00:00.0:   device [14e4:2711] error status/mask=000000c0/00002000
[    1.384385] pcieport 0000:00:00.0:    [ 6] BadTLP                
[    1.384388] pcieport 0000:00:00.0:    [ 7] BadDLLP               
[    1.390666] pcieport 0000:00:00.0: AER: Multiple Corrected error received: 0000:00:00.0
[    1.390673] pcieport 0000:00:00.0: PCIe Bus Error: severity=Corrected, type=Data Link Layer, (Receiver ID)
[    1.390676] pcieport 0000:00:00.0:   device [14e4:2711] error status/mask=000000c0/00002000
[    1.390680] pcieport 0000:00:00.0:    [ 6] BadTLP                
[    1.390683] pcieport 0000:00:00.0:    [ 7] BadDLLP               
[    1.396961] pcieport 0000:00:00.0: AER: Multiple Corrected error received: 0000:00:00.0
[    1.396967] pcieport 0000:00:00.0: PCIe Bus Error: severity=Corrected, type=Data Link Layer, (Receiver ID)
[    1.396971] pcieport 0000:00:00.0:   device [14e4:2711] error status/mask=000000c0/00002000
[    1.396974] pcieport 0000:00:00.0:    [ 6] BadTLP                
[    1.396977] pcieport 0000:00:00.0:    [ 7] BadDLLP               
[    2.684485] pcieport 0000:00:00.0: AER: Multiple Corrected error received: 0000:00:00.0
[    2.684493] pcieport 0000:00:00.0: PCIe Bus Error: severity=Corrected, type=Data Link Layer, (Receiver ID)
[    2.684497] pcieport 0000:00:00.0:   device [14e4:2711] error status/mask=00000080/00002000
[    2.684501] pcieport 0000:00:00.0:    [ 7] BadDLLP               
[    2.690693] pcieport 0000:00:00.0: AER: Corrected error received: 0000:00:00.0
[    2.690700] pcieport 0000:00:00.0: PCIe Bus Error: severity=Corrected, type=Data Link Layer, (Receiver ID)
[    2.690703] pcieport 0000:00:00.0:   device [14e4:2711] error status/mask=00000080/00002000
[    2.690707] pcieport 0000:00:00.0:    [ 7] BadDLLP               
[    2.698043] pcieport 0000:00:00.0: AER: Multiple Corrected error received: 0000:00:00.0
[    2.698049] pcieport 0000:00:00.0: PCIe Bus Error: severity=Corrected, type=Data Link Layer, (Receiver ID)
[    2.698052] pcieport 0000:00:00.0:   device [14e4:2711] error status/mask=00000080/00002000
[    2.698056] pcieport 0000:00:00.0:    [ 7] BadDLLP               
[    2.707858] pcieport 0000:00:00.0: AER: Multiple Corrected error received: 0000:00:00.0
[    2.707865] pcieport 0000:00:00.0: PCIe Bus Error: severity=Corrected, type=Data Link Layer, (Receiver ID)
[    2.707868] pcieport 0000:00:00.0:   device [14e4:2711] error status/mask=00000080/00002000
[    2.707872] pcieport 0000:00:00.0:    [ 7] BadDLLP               
[    2.716352] pcieport 0000:00:00.0: AER: Multiple Corrected error received: 0000:00:00.0
[    2.716359] pcieport 0000:00:00.0: PCIe Bus Error: severity=Corrected, type=Data Link Layer, (Receiver ID)
[    2.716362] pcieport 0000:00:00.0:   device [14e4:2711] error status/mask=00000080/00002000
[    2.716366] pcieport 0000:00:00.0:    [ 7] BadDLLP               
[    2.722557] pcieport 0000:00:00.0: AER: Multiple Corrected error received: 0000:00:00.0
[    2.722564] pcieport 0000:00:00.0: PCIe Bus Error: severity=Corrected, type=Data Link Layer, (Receiver ID)
[    2.722567] pcieport 0000:00:00.0:   device [14e4:2711] error status/mask=00000080/00002000
[    2.722571] pcieport 0000:00:00.0:    [ 7] BadDLLP               
[    2.730699] pcieport 0000:00:00.0: AER: Multiple Corrected error received: 0000:00:00.0
[    2.730705] pcieport 0000:00:00.0: PCIe Bus Error: severity=Corrected, type=Data Link Layer, (Receiver ID)
[    2.730709] pcieport 0000:00:00.0:   device [14e4:2711] error status/mask=00000080/00002000
[    2.730712] pcieport 0000:00:00.0:    [ 7] BadDLLP               
[    2.740515] pcieport 0000:00:00.0: AER: Multiple Corrected error received: 0000:00:00.0
[    2.740522] pcieport 0000:00:00.0: PCIe Bus Error: severity=Corrected, type=Data Link Layer, (Receiver ID)
[    2.740525] pcieport 0000:00:00.0:   device [14e4:2711] error status/mask=000000c0/00002000
[    2.740528] pcieport 0000:00:00.0:    [ 6] BadTLP                
[    2.740531] pcieport 0000:00:00.0:    [ 7] BadDLLP               
[    2.749012] pcieport 0000:00:00.0: AER: Multiple Corrected error received: 0000:00:00.0
[    2.749018] pcieport 0000:00:00.0: PCIe Bus Error: severity=Corrected, type=Data Link Layer, (Receiver ID)
[    2.749022] pcieport 0000:00:00.0:   device [14e4:2711] error status/mask=00000080/00002000
[    2.749026] pcieport 0000:00:00.0:    [ 7] BadDLLP               
[    2.755215] pcieport 0000:00:00.0: AER: Multiple Corrected error received: 0000:00:00.0
[    2.755221] pcieport 0000:00:00.0: PCIe Bus Error: severity=Corrected, type=Data Link Layer, (Receiver ID)
[    2.755224] pcieport 0000:00:00.0:   device [14e4:2711] error status/mask=00000080/00002000
[    2.755228] pcieport 0000:00:00.0:    [ 7] BadDLLP               
[    2.761417] pcieport 0000:00:00.0: AER: Multiple Corrected error received: 0000:00:00.0
[    2.761424] pcieport 0000:00:00.0: PCIe Bus Error: severity=Corrected, type=Data Link Layer, (Receiver ID)
[    2.761427] pcieport 0000:00:00.0:   device [14e4:2711] error status/mask=00000080/00002000
[    2.761431] pcieport 0000:00:00.0:    [ 7] BadDLLP               
[    2.769561] pcieport 0000:00:00.0: AER: Multiple Corrected error received: 0000:00:00.0
[    2.769568] pcieport 0000:00:00.0: PCIe Bus Error: severity=Corrected, type=Data Link Layer, (Receiver ID)
[    2.769571] pcieport 0000:00:00.0:   device [14e4:2711] error status/mask=000000c0/00002000
[    2.769574] pcieport 0000:00:00.0:    [ 6] BadTLP                
[    2.769577] pcieport 0000:00:00.0:    [ 7] BadDLLP               
[    2.769582] pcieport 0000:00:00.0: AER: Corrected error received: 0000:00:00.0
[    2.769587] pcieport 0000:00:00.0: AER: can't find device of ID0000
[    2.779387] pcieport 0000:00:00.0: AER: Multiple Corrected error received: 0000:00:00.0
[    2.779394] pcieport 0000:00:00.0: PCIe Bus Error: severity=Corrected, type=Data Link Layer, (Receiver ID)
[    2.779397] pcieport 0000:00:00.0:   device [14e4:2711] error status/mask=000000c0/00002000
[    2.779401] pcieport 0000:00:00.0:    [ 6] BadTLP                
[    2.779404] pcieport 0000:00:00.0:    [ 7] BadDLLP               
[    2.787884] pcieport 0000:00:00.0: AER: Multiple Corrected error received: 0000:00:00.0
[    2.787890] pcieport 0000:00:00.0: PCIe Bus Error: severity=Corrected, type=Data Link Layer, (Receiver ID)
[    2.787893] pcieport 0000:00:00.0:   device [14e4:2711] error status/mask=000000c0/00002000
[    2.787897] pcieport 0000:00:00.0:    [ 6] BadTLP                
[    2.787900] pcieport 0000:00:00.0:    [ 7] BadDLLP               
[    2.794088] pcieport 0000:00:00.0: AER: Multiple Corrected error received: 0000:00:00.0
[    2.794095] pcieport 0000:00:00.0: PCIe Bus Error: severity=Corrected, type=Data Link Layer, (Receiver ID)
[    2.794098] pcieport 0000:00:00.0:   device [14e4:2711] error status/mask=000000c0/00002000
[    2.794101] pcieport 0000:00:00.0:    [ 6] BadTLP                
[    2.794104] pcieport 0000:00:00.0:    [ 7] BadDLLP               
[    2.800294] pcieport 0000:00:00.0: AER: Multiple Corrected error received: 0000:00:00.0
[    2.800300] pcieport 0000:00:00.0: PCIe Bus Error: severity=Corrected, type=Data Link Layer, (Receiver ID)
[    2.800303] pcieport 0000:00:00.0:   device [14e4:2711] error status/mask=000000c0/00002000
[    2.800307] pcieport 0000:00:00.0:    [ 6] BadTLP                
[    2.800310] pcieport 0000:00:00.0:    [ 7] BadDLLP               
[    2.808441] pcieport 0000:00:00.0: AER: Multiple Corrected error received: 0000:00:00.0
[    2.808447] pcieport 0000:00:00.0: PCIe Bus Error: severity=Corrected, type=Data Link Layer, (Receiver ID)
[    2.808451] pcieport 0000:00:00.0:   device [14e4:2711] error status/mask=000000c0/00002000
[    2.808454] pcieport 0000:00:00.0:    [ 6] BadTLP                
[    2.808457] pcieport 0000:00:00.0:    [ 7] BadDLLP               
[    2.818260] pcieport 0000:00:00.0: AER: Multiple Corrected error received: 0000:00:00.0
[    2.818267] pcieport 0000:00:00.0: PCIe Bus Error: severity=Corrected, type=Data Link Layer, (Receiver ID)
[    2.818270] pcieport 0000:00:00.0:   device [14e4:2711] error status/mask=00000080/00002000
[    2.818273] pcieport 0000:00:00.0:    [ 7] BadDLLP               
[    2.826755] pcieport 0000:00:00.0: AER: Multiple Corrected error received: 0000:00:00.0
[    2.826762] pcieport 0000:00:00.0: PCIe Bus Error: severity=Corrected, type=Data Link Layer, (Receiver ID)
[    2.826764] pcieport 0000:00:00.0:   device [14e4:2711] error status/mask=00000080/00002000
[    2.826768] pcieport 0000:00:00.0:    [ 7] BadDLLP               
[    2.832956] pcieport 0000:00:00.0: AER: Multiple Corrected error received: 0000:00:00.0
[    2.832963] pcieport 0000:00:00.0: PCIe Bus Error: severity=Corrected, type=Data Link Layer, (Receiver ID)
[    2.832966] pcieport 0000:00:00.0:   device [14e4:2711] error status/mask=00000080/00002000
[    2.832970] pcieport 0000:00:00.0:    [ 7] BadDLLP               
[    2.839158] pcieport 0000:00:00.0: AER: Multiple Corrected error received: 0000:00:00.0
[    2.839165] pcieport 0000:00:00.0: PCIe Bus Error: severity=Corrected, type=Data Link Layer, (Receiver ID)
[    2.839168] pcieport 0000:00:00.0:   device [14e4:2711] error status/mask=00000080/00002000
[    2.839171] pcieport 0000:00:00.0:    [ 7] BadDLLP               
[    2.847304] pcieport 0000:00:00.0: AER: Multiple Corrected error received: 0000:00:00.0
[    2.847311] pcieport 0000:00:00.0: PCIe Bus Error: severity=Corrected, type=Data Link Layer, (Receiver ID)
[    2.847314] pcieport 0000:00:00.0:   device [14e4:2711] error status/mask=000000c0/00002000
[    2.847317] pcieport 0000:00:00.0:    [ 6] BadTLP                
[    2.847320] pcieport 0000:00:00.0:    [ 7] BadDLLP               
[    2.857135] pcieport 0000:00:00.0: AER: Multiple Corrected error received: 0000:00:00.0
[    2.857141] pcieport 0000:00:00.0: PCIe Bus Error: severity=Corrected, type=Data Link Layer, (Receiver ID)
[    2.857145] pcieport 0000:00:00.0:   device [14e4:2711] error status/mask=00000080/00002000
[    2.857148] pcieport 0000:00:00.0:    [ 7] BadDLLP               
[    3.688656] printk: console [ttyS1] enabled
[    3.693405] Serial: AMBA driver
[    3.696779] msm_serial: driver initialized
[    3.702191] bcm2835-power bcm2835-power: Broadcom BCM2835 power domains driver
[    3.710034] mousedev: PS/2 mouse device common for all mice
[    3.716211] brcmstb-i2c fef04500.i2c:  @97500hz registered in polling mode
[    3.723299] brcmstb-i2c fef09500.i2c:  @97500hz registered in polling mode
[    3.731022] ledtrig-cpu: registered to indicate activity on CPUs
[    3.737589] bcm2835-mbox fe00b880.mailbox: mailbox enabled
[    3.823797] NET: Registered PF_INET6 protocol family
[    3.841236] Segment Routing with IPv6
[    3.845021] In-situ OAM (IOAM) with IPv6
[    3.849049] mip6: Mobile IPv6
[    3.852066] NET: Registered PF_PACKET protocol family
[    3.857250] mpls_gso: MPLS GSO support
[    3.861599] registered taskstats version 1
[    3.865776] Loading compiled-in X.509 certificates
[    3.907257] Loaded X.509 cert 'Debian Secure Boot CA: 6ccece7e4c6c0d1f6149f3dd27dfcc5cbb419ea1'
[    3.916126] Loaded X.509 cert 'Debian Secure Boot Signer 2022 - linux: 14011249c2675ea8e5148542202005810584b25f'
[    3.928290] zswap: loaded using pool lzo/zbud
[    3.933115] Key type .fscrypt registered
[    3.937098] Key type fscrypt-provisioning registered
[    3.953764] Key type encrypted registered
[    3.957853] AppArmor: AppArmor sha1 policy hashing enabled
[    3.963467] ima: No TPM chip found, activating TPM-bypass!
[    3.969042] ima: Allocated hash algorithm: sha256
[    3.973835] ima: No architecture policies found
[    3.978454] evm: Initialising EVM extended attributes:
[    3.983662] evm: security.selinux
[    3.987018] evm: security.SMACK64 (disabled)
[    3.991344] evm: security.SMACK64EXEC (disabled)
[    3.996022] evm: security.SMACK64TRANSMUTE (disabled)
[    4.001144] evm: security.SMACK64MMAP (disabled)
[    4.005828] evm: security.apparmor
[    4.009272] evm: security.ima
[    4.012274] evm: security.capability
[    4.015893] evm: HMAC attrs: 0x1
[    4.222934] fe201000.serial: ttyAMA0 at MMIO 0xfe201000 (irq = 33, base_baud = 0) is a PL011 rev2
[    4.232070] serial serial0: tty port ttyAMA0 registered
[    4.238009] raspberrypi-firmware soc:firmware: Attached to firmware from 2022-08-26T14:03:16
[    4.248198] gpio-449 (ant1): hogged as output/high
[    4.254336] gpio-453 (ant2): hogged as output/low
[    4.259420] uart-pl011 fe201000.serial: Failed to create device link (0x180) with soc:firmware:gpio
[    4.280997] Freeing unused kernel memory: 6208K
[    4.335482] Checked W+X mappings: passed, no W+X pages found
[    4.341262] Run /init as init process
[    4.344980]   with arguments:
[    4.344984]     /init
[    4.344987]     early_con
[    4.344989]   with environment:
[    4.344992]     HOME=/
[    4.344994]     TERM=linux
[    4.611778] usb_phy_generic phy: supply vcc not found, using dummy regulator
[    4.619275] usb_phy_generic phy: dummy supplies not allowed for exclusive requests
[    4.619516] sdhci: Secure Digital Host Controller Interface driver
[    4.633254] sdhci: Copyright(c) Pierre Ossman
[    4.644802] sdhci-pltfm: SDHCI platform and OF driver helper
[    4.657723] sdhci-iproc fe300000.mmc: allocated mmc-pwrseq
[    4.673910] SCSI subsystem initialized
[    4.706401] mmc1: SDHCI controller on fe340000.mmc [fe340000.mmc] using ADMA
[    4.722396] mmc0: SDHCI controller on fe300000.mmc [fe300000.mmc] using PIO
[    4.743528] bcmgenet fd580000.ethernet: GENET 5.0 EPHY: 0x0000
[    4.752368] usbcore: registered new interface driver usbfs
[    4.758189] usbcore: registered new interface driver hub
[    4.762237] libata version 3.00 loaded.
[    4.763692] usbcore: registered new device driver usb
[    4.773205] ahci 0000:01:00.0: version 3.0
[    4.773228] ahci 0000:01:00.0: enabling device (0000 -> 0002)
[    4.779510] ahci 0000:01:00.0: SSS flag set, parallel bus scan disabled
[    4.786397] ahci 0000:01:00.0: AHCI 0001.0301 32 slots 24 ports 6 Gbps 0xffff0f impl SATA mode
[    4.795148] ahci 0000:01:00.0: flags: 64bit ncq sntf stag pm led only pio sxs deso sadm sds apst 
[    4.795998] pps_core: LinuxPPS API ver. 1 registered
[    4.809274] pps_core: Software ver. 5.3.6 - Copyright 2005-2007 Rodolfo Giometti <giometti@linux.it>
[    4.821977] PTP clock support registered
[    4.830845] dwc2 fe980000.usb: supply vusb_d not found, using dummy regulator
[    4.839034] dwc2 fe980000.usb: supply vusb_a not found, using dummy regulator
[    4.850391] mmc1: new ultra high speed DDR50 SDHC card at address 0001
[    4.858373] mmcblk1: mmc1:0001 00000 29.8 GiB 
[    4.864974]  mmcblk1: p1 p2
[    4.869178] scsi host0: ahci
[    4.870510] unimac-mdio unimac-mdio.-19: Broadcom UniMAC MDIO bus
[    4.872621] scsi host1: ahci
[    4.882537] scsi host2: ahci
[    4.886208] scsi host3: ahci
[    4.889734] scsi host4: ahci
[    4.893184] scsi host5: ahci
[    4.896658] scsi host6: ahci
[    4.898555] dwc2 fe980000.usb: DWC OTG Controller
[    4.899987] scsi host7: ahci
[    4.904418] dwc2 fe980000.usb: new USB bus registered, assigned bus number 1
[    4.907871] scsi host8: ahci
[    4.914548] dwc2 fe980000.usb: irq 39, io mem 0xfe980000
[    4.917956] scsi host9: ahci
[    4.922990] usb usb1: New USB device found, idVendor=1d6b, idProduct=0002, bcdDevice= 6.01
[    4.926398] scsi host10: ahci
[    4.934144] usb usb1: New USB device strings: Mfr=3, Product=2, SerialNumber=1
[    4.937795] scsi host11: ahci
[    4.944468] usb usb1: Product: DWC OTG Controller
[    4.944473] usb usb1: Manufacturer: Linux 6.1.0-7-arm64 dwc2_hsotg
[    4.944477] usb usb1: SerialNumber: fe980000.usb
[    4.945008] hub 1-0:1.0: USB hub found
[    4.948092] scsi host12: ahci
[    4.952346] hub 1-0:1.0: 1 port detected
[    4.959271] scsi host13: ahci
[    4.977634] scsi host14: ahci
[    4.980203] mmc0: new high speed SDIO card at address 0001
[    4.981093] scsi host15: ahci
[    4.989786] scsi host16: ahci
[    4.993235] scsi host17: ahci
[    4.996635] scsi host18: ahci
[    5.000029] scsi host19: ahci
[    5.003408] scsi host20: ahci
[    5.006790] scsi host21: ahci
[    5.010144] scsi host22: ahci
[    5.013499] scsi host23: ahci
[    5.016680] ata1: SATA max UDMA/133 abar m8192@0x600082000 port 0x600082100 irq 38
[    5.024366] ata2: SATA max UDMA/133 abar m8192@0x600082000 port 0x600082180 irq 38
[    5.032043] ata3: SATA max UDMA/133 abar m8192@0x600082000 port 0x600082200 irq 38
[    5.039720] ata4: SATA max UDMA/133 abar m8192@0x600082000 port 0x600082280 irq 38
[    5.047395] ata5: DUMMY
[    5.049868] ata6: DUMMY
[    5.052342] ata7: DUMMY
[    5.054816] ata8: DUMMY
[    5.057288] ata9: SATA max UDMA/133 abar m8192@0x600082000 port 0x600082500 irq 38
[    5.064965] ata10: SATA max UDMA/133 abar m8192@0x600082000 port 0x600082580 irq 38
[    5.072730] ata11: SATA max UDMA/133 abar m8192@0x600082000 port 0x600082600 irq 38
[    5.080494] ata12: SATA max UDMA/133 abar m8192@0x600082000 port 0x600082680 irq 38
[    5.088258] ata13: SATA max UDMA/133 abar m8192@0x600082000 port 0x600082700 irq 38
[    5.096022] ata14: SATA max UDMA/133 abar m8192@0x600082000 port 0x600082780 irq 38
[    5.103786] ata15: SATA max UDMA/133 abar m8192@0x600082000 port 0x600082800 irq 38
[    5.111550] ata16: SATA max UDMA/133 abar m8192@0x600082000 port 0x600082880 irq 38
[    5.119317] ata17: SATA max UDMA/133 abar m8192@0x600082000 port 0x600082900 irq 38
[    5.127082] ata18: SATA max UDMA/133 abar m8192@0x600082000 port 0x600082980 irq 38
[    5.134847] ata19: SATA max UDMA/133 abar m8192@0x600082000 port 0x600082a00 irq 38
[    5.142610] ata20: SATA max UDMA/133 abar m8192@0x600082000 port 0x600082a80 irq 38
[    5.150374] ata21: SATA max UDMA/133 abar m8192@0x600082000 port 0x600082b00 irq 38
[    5.158138] ata22: SATA max UDMA/133 abar m8192@0x600082000 port 0x600082b80 irq 38
[    5.165902] ata23: SATA max UDMA/133 abar m8192@0x600082000 port 0x600082c00 irq 38
[    5.173666] ata24: SATA max UDMA/133 abar m8192@0x600082000 port 0x600082c80 irq 38
[    5.262369] usb 1-1: new high-speed USB device number 2 using dwc2
[    5.474476] usb 1-1: New USB device found, idVendor=0424, idProduct=2514, bcdDevice= b.b3
[    5.482778] usb 1-1: New USB device strings: Mfr=0, Product=0, SerialNumber=0
[    5.490396] hub 1-1:1.0: USB hub found
[    5.494270] hub 1-1:1.0: 4 ports detected
[    5.786365] usb 1-1.1: new full-speed USB device number 3 using dwc2
[    5.893042] usb 1-1.1: New USB device found, idVendor=046d, idProduct=c52b, bcdDevice=12.10
[    5.901518] usb 1-1.1: New USB device strings: Mfr=1, Product=2, SerialNumber=0
[    5.908930] usb 1-1.1: Product: USB Receiver
[    5.913258] usb 1-1.1: Manufacturer: Logitech
[    5.931175] hid: raw HID events driver (C) Jiri Kosina
[    5.998368] usb 1-1.2: new full-speed USB device number 4 using dwc2
[    6.103276] usb 1-1.2: New USB device found, idVendor=04d9, idProduct=0132, bcdDevice= 1.10
[    6.111755] usb 1-1.2: New USB device strings: Mfr=0, Product=2, SerialNumber=3
[    6.119168] usb 1-1.2: Product: USB Keyboard
[    6.123495] usb 1-1.2: SerialNumber: 000000000008
[    6.146336] usbcore: registered new interface driver usbhid
[    6.152014] usbhid: USB HID core driver
[    6.334366] ata1: found unknown device (class 0)
[    6.339069] ata1: SATA link down (SStatus 0 SControl 300)
[    6.656561] ata2: SATA link down (SStatus 0 SControl 300)
[    6.976560] ata3: SATA link down (SStatus 0 SControl 300)
[    7.296560] ata4: SATA link down (SStatus 0 SControl 300)
[    7.616558] ata9: SATA link down (SStatus 0 SControl 300)
[    7.936570] ata10: SATA link down (SStatus 0 SControl 300)
[    8.256559] ata11: SATA link down (SStatus 0 SControl 300)
[    8.576557] ata12: SATA link down (SStatus 0 SControl 300)
[    8.896557] ata13: SATA link down (SStatus 0 SControl 300)
[    9.216557] ata14: SATA link down (SStatus 0 SControl 300)
[    9.536557] ata15: SATA link down (SStatus 0 SControl 300)
[    9.856571] ata16: SATA link down (SStatus 0 SControl 300)
[   10.176558] ata17: SATA link down (SStatus 0 SControl 300)
[   10.496569] ata18: SATA link down (SStatus 0 SControl 300)
[   10.816557] ata19: SATA link down (SStatus 0 SControl 300)
[   11.136569] ata20: SATA link down (SStatus 0 SControl 300)
[   11.456559] ata21: SATA link down (SStatus 0 SControl 300)
[   11.776568] ata22: SATA link down (SStatus 0 SControl 300)
[   12.096557] ata23: SATA link down (SStatus 0 SControl 300)
[   12.416556] ata24: SATA link down (SStatus 0 SControl 300)
[   12.441637] input: Logitech USB Receiver as /devices/platform/soc/fe980000.usb/usb1/1-1/1-1.1/1-1.1:1.0/0003:046D:C52B.0001/input/input0
[   12.510774] hid-generic 0003:046D:C52B.0001: input,hidraw0: USB HID v1.11 Keyboard [Logitech USB Receiver] on usb-fe980000.usb-1.1/input0
[   12.524103] input: Logitech USB Receiver Mouse as /devices/platform/soc/fe980000.usb/usb1/1-1/1-1.1/1-1.1:1.1/0003:046D:C52B.0002/input/input1
[   12.537251] input: Logitech USB Receiver Consumer Control as /devices/platform/soc/fe980000.usb/usb1/1-1/1-1.1/1-1.1:1.1/0003:046D:C52B.0002/input/input2
[   12.610423] input: Logitech USB Receiver System Control as /devices/platform/soc/fe980000.usb/usb1/1-1/1-1.1/1-1.1:1.1/0003:046D:C52B.0002/input/input3
[   12.624391] hid-generic 0003:046D:C52B.0002: input,hiddev0,hidraw1: USB HID v1.11 Mouse [Logitech USB Receiver] on usb-fe980000.usb-1.1/input1
[   12.637931] hid-generic 0003:046D:C52B.0003: hiddev1,hidraw2: USB HID v1.11 Device [Logitech USB Receiver] on usb-fe980000.usb-1.1/input2
[   12.650887] input: USB Keyboard as /devices/platform/soc/fe980000.usb/usb1/1-1/1-1.2/1-1.2:1.0/0003:04D9:0132.0004/input/input5
[   12.722617] hid-generic 0003:04D9:0132.0004: input,hidraw3: USB HID v1.11 Keyboard [USB Keyboard] on usb-fe980000.usb-1.2/input0
[   12.734755] hid-generic 0003:04D9:0132.0005: hiddev2,hidraw4: USB HID v1.11 Device [USB Keyboard] on usb-fe980000.usb-1.2/input1
[   12.747081] input: USB Keyboard System Control as /devices/platform/soc/fe980000.usb/usb1/1-1/1-1.2/1-1.2:1.2/0003:04D9:0132.0006/input/input6
[   12.818424] input: USB Keyboard Consumer Control as /devices/platform/soc/fe980000.usb/usb1/1-1/1-1.2/1-1.2:1.2/0003:04D9:0132.0006/input/input7
[   12.831629] input: USB Keyboard Mouse as /devices/platform/soc/fe980000.usb/usb1/1-1/1-1.2/1-1.2:1.2/0003:04D9:0132.0006/input/input8
[   12.843959] input: USB Keyboard as /devices/platform/soc/fe980000.usb/usb1/1-1/1-1.2/1-1.2:1.2/0003:04D9:0132.0006/input/input9
[   12.855680] hid-generic 0003:04D9:0132.0006: input,hidraw5: USB HID v1.11 Mouse [USB Keyboard] on usb-fe980000.usb-1.2/input2
[   13.031698] logitech-djreceiver 0003:046D:C52B.0003: hiddev0,hidraw0: USB HID v1.11 Device [Logitech USB Receiver] on usb-fe980000.usb-1.1/input2
[   13.165056] input: Logitech Wireless Device PID:1017 Mouse as /devices/platform/soc/fe980000.usb/usb1/1-1/1-1.1/1-1.1:1.2/0003:046D:C52B.0003/0003:046D:1017.0007/input/input10
[   13.181280] hid-generic 0003:046D:1017.0007: input,hidraw1: USB HID v1.11 Mouse [Logitech Wireless Device PID:1017] on usb-fe980000.usb-1.1/input2:1
[   13.238027] input: Logitech Anywhere MX as /devices/platform/soc/fe980000.usb/usb1/1-1/1-1.1/1-1.1:1.2/0003:046D:C52B.0003/0003:046D:1017.0007/input/input14
[   13.252427] logitech-hidpp-device 0003:046D:1017.0007: input,hidraw1: USB HID v1.11 Mouse [Logitech Anywhere MX] on usb-fe980000.usb-1.1/input2:1
[   13.498289] EXT4-fs (mmcblk1p2): mounted filesystem with ordered data mode. Quota mode: none.
[   13.628534] Not activating Mandatory Access Control as /sbin/tomoyo-init does not exist.
[   13.979930] systemd[1]: System time before build time, advancing clock.
[   14.037776] systemd[1]: Inserted module 'autofs4'
[   14.101181] systemd[1]: systemd 252.6-1 running in system mode (+PAM +AUDIT +SELINUX +APPARMOR +IMA +SMACK +SECCOMP +GCRYPT -GNUTLS +OPENSSL +ACL +BLKID +CURL +ELFUTILS +FIDO2 +IDN2 -IDN +IPTC +KMOD +LIBCRYPTSETUP +LIBFDISK +PCRE2 -PWQUALITY +P11KIT +QRENCODE +TPM2 +BZIP2 +LZ4 +XZ +ZLIB +ZSTD -BPF_FRAMEWORK -XKBCOMMON +UTMP +SYSVINIT default-hierarchy=unified)
[   14.133573] systemd[1]: Detected architecture arm64.
[   14.174601] systemd[1]: Hostname set to <cm4iob>.
[   14.553007] systemd[1]: Queued start job for default target graphical.target.
[   14.576947] systemd[1]: Created slice system-getty.slice - Slice /system/getty.
[   14.603433] systemd[1]: Created slice system-modprobe.slice - Slice /system/modprobe.
[   14.631459] systemd[1]: Created slice system-serial\x2dgetty.slice - Slice /system/serial-getty.
[   14.659390] systemd[1]: Created slice system-systemd\x2dfsck.slice - Slice /system/systemd-fsck.
[   14.687132] systemd[1]: Created slice user.slice - User and Session Slice.
[   14.710644] systemd[1]: Started systemd-ask-password-console.path - Dispatch Password Requests to Console Directory Watch.
[   14.738548] systemd[1]: Started systemd-ask-password-wall.path - Forward Password Requests to Wall Directory Watch.
[   14.766893] systemd[1]: Set up automount proc-sys-fs-binfmt_misc.automount - Arbitrary Executable File Formats File System Automount Point.
[   14.798513] systemd[1]: Reached target cryptsetup.target - Local Encrypted Volumes.
[   14.822443] systemd[1]: Reached target integritysetup.target - Local Integrity Protected Volumes.
[   14.850462] systemd[1]: Reached target paths.target - Path Units.
[   14.874437] systemd[1]: Reached target remote-cryptsetup.target - Remote Encrypted Volumes.
[   14.902419] systemd[1]: Reached target remote-fs.target - Remote File Systems.
[   14.926418] systemd[1]: Reached target remote-veritysetup.target - Remote Verity Protected Volumes.
[   14.954418] systemd[1]: Reached target slices.target - Slice Units.
[   14.978435] systemd[1]: Reached target swap.target - Swaps.
[   14.998440] systemd[1]: Reached target veritysetup.target - Local Verity Protected Volumes.
[   15.026836] systemd[1]: Listening on systemd-fsckd.socket - fsck to fsckd communication Socket.
[   15.054594] systemd[1]: Listening on systemd-initctl.socket - initctl Compatibility Named Pipe.
[   15.082889] systemd[1]: Listening on systemd-journald-audit.socket - Journal Audit Socket.
[   15.110789] systemd[1]: Listening on systemd-journald-dev-log.socket - Journal Socket (/dev/log).
[   15.138786] systemd[1]: Listening on systemd-journald.socket - Journal Socket.
[   15.162862] systemd[1]: Listening on systemd-networkd.socket - Network Service Netlink Socket.
[   15.191402] systemd[1]: Listening on systemd-udevd-control.socket - udev Control Socket.
[   15.218732] systemd[1]: Listening on systemd-udevd-kernel.socket - udev Kernel Socket.
[   15.262664] systemd[1]: Mounting dev-hugepages.mount - Huge Pages File System...
[   15.289211] systemd[1]: Mounting dev-mqueue.mount - POSIX Message Queue File System...
[   15.317111] systemd[1]: Mounting sys-kernel-debug.mount - Kernel Debug File System...
[   15.345106] systemd[1]: Mounting sys-kernel-tracing.mount - Kernel Trace File System...
[   15.390835] systemd[1]: Starting kmod-static-nodes.service - Create List of Static Device Nodes...
[   15.421427] systemd[1]: Starting modprobe@configfs.service - Load Kernel Module configfs...
[   15.449537] systemd[1]: Starting modprobe@dm_mod.service - Load Kernel Module dm_mod...
[   15.490197] device-mapper: core: CONFIG_IMA_DISABLE_HTABLE is disabled. Duplicate IMA measurements will not be recorded in the IMA log.
[   15.502668] device-mapper: uevent: version 1.0.3
[   15.506924] systemd[1]: Starting modprobe@drm.service - Load Kernel Module drm...
[   15.507655] device-mapper: ioctl: 4.47.0-ioctl (2022-07-28) initialised: dm-devel@redhat.com
[   15.545629] systemd[1]: Starting modprobe@efi_pstore.service - Load Kernel Module efi_pstore...
[   15.573497] systemd[1]: Starting modprobe@fuse.service - Load Kernel Module fuse...
[   15.601675] fuse: init (API version 7.37)
[   15.602064] systemd[1]: Starting modprobe@loop.service - Load Kernel Module loop...
[   15.619761] loop: module loaded
[   15.650804] systemd[1]: Starting nftables.service - nftables...
[   15.670654] systemd[1]: systemd-fsck-root.service - File System Check on Root Device was skipped because of an unmet condition check (ConditionPathExists=!/run/initramfs/fsck-root).
[   15.691908] systemd[1]: Starting systemd-journald.service - Journal Service...
[   15.724233] systemd[1]: Starting systemd-modules-load.service - Load Kernel Modules...
[   15.753755] systemd[1]: Starting systemd-network-generator.service - Generate network units from Kernel command line...
[   15.785596] systemd[1]: Starting systemd-remount-fs.service - Remount Root and Kernel File Systems...
[   15.809634] EXT4-fs (mmcblk1p2): re-mounted. Quota mode: none.
[   15.819025] systemd[1]: Starting systemd-udev-trigger.service - Coldplug All udev Devices...
[   15.852516] systemd[1]: Mounted dev-hugepages.mount - Huge Pages File System.
[   15.879008] systemd[1]: Mounted dev-mqueue.mount - POSIX Message Queue File System.
[   15.907006] systemd[1]: Mounted sys-kernel-debug.mount - Kernel Debug File System.
[   15.934915] systemd[1]: Started systemd-journald.service - Journal Service.
[   16.338952] systemd-journald[300]: Received client request to flush runtime journal.
[   16.370032] systemd-journald[300]: File /var/log/journal/ed150dfe012a483ab21cbfe1f46be63c/system.journal corrupted or uncleanly shut down, renaming and replacing.
[   17.796385] vchiq: module is from the staging directory, the quality is unknown, you have been warned.
[   17.815057] bcm2835-wdt bcm2835-wdt: Broadcom BCM2835 watchdog timer
[   17.832873] iproc-rng200 fe104000.rng: hwrng registered
[   17.869305] [drm] Initialized v3d 1.0.0 20180419 for fec00000.gpu on minor 0
[   17.999294] alg: No test for fips(ansi_cprng) (fips_ansi_cprng)
[   18.016205] cfg80211: Loading compiled-in X.509 certificates for regulatory database
[   18.024756] cfg80211: Loaded X.509 cert 'benh@debian.org: 577e021cb980e0e820821ba7b54b4961b8b4fadf'
[   18.034615] cfg80211: Loaded X.509 cert 'romain.perier@gmail.com: 3abbc6ec146e09d1b6016ab9d6cf71dd233f0328'
[   18.045068] cfg80211: Loaded X.509 cert 'sforshee: 00b28ddf47aef9cea7'
[   18.055285] platform regulatory.0: firmware: direct-loading firmware regulatory.db
[   18.069477] platform regulatory.0: firmware: direct-loading firmware regulatory.db.p7s
[   18.204486] snd_bcm2835: module is from the staging directory, the quality is unknown, you have been warned.
[   18.216242] brcmfmac: brcmf_fw_alloc_request: using brcm/brcmfmac43455-sdio for chip BCM4345/6
[   18.227552] usbcore: registered new interface driver brcmfmac
[   18.241102] bcm2835_audio bcm2835_audio: card created with 8 channels
[   18.241264] mc: Linux media interface: v0.10
[   18.253614] brcmfmac mmc0:0001:1: firmware: failed to load brcm/brcmfmac43455-sdio.raspberrypi,4-compute-module.bin (-2)
[   18.264792] firmware_class: See https://wiki.debian.org/Firmware for information about missing firmware
[   18.279469] brcmfmac mmc0:0001:1: firmware: failed to load brcm/brcmfmac43455-sdio.raspberrypi,4-compute-module.bin (-2)
[   18.290847] brcmfmac mmc0:0001:1: Direct firmware load for brcm/brcmfmac43455-sdio.raspberrypi,4-compute-module.bin failed with error -2
[   18.333161] videodev: Linux video capture interface: v2.00
[   18.343610] brcmfmac mmc0:0001:1: firmware: direct-loading firmware brcm/brcmfmac43455-sdio.bin
[   18.352645] brcmfmac mmc0:0001:1: firmware: failed to load brcm/brcmfmac43455-sdio.raspberrypi,4-compute-module.txt (-2)
[   18.363793] brcmfmac mmc0:0001:1: firmware: failed to load brcm/brcmfmac43455-sdio.raspberrypi,4-compute-module.txt (-2)
[   18.385558] brcmfmac mmc0:0001:1: firmware: direct-loading firmware brcm/brcmfmac43455-sdio.txt
[   18.394795] brcmfmac mmc0:0001:1: firmware: failed to load brcm/brcmfmac43455-sdio.raspberrypi,4-compute-module.clm_blob (-2)
[   18.455631] Console: switching to colour dummy device 80x25
[   18.507796] vc4-drm gpu: bound fe400000.hvs (ops vc4_hvs_ops [vc4])
[   18.515092] Registered IR keymap rc-cec
[   18.519091] rc rc0: vc4-hdmi-0 as /devices/platform/soc/fef00700.hdmi/rc/rc0
[   18.526357] input: vc4-hdmi-0 as /devices/platform/soc/fef00700.hdmi/rc/rc0/input15
[   18.537189] vc4-drm gpu: bound fef00700.hdmi (ops vc4_hdmi_ops [vc4])
[   18.544737] Registered IR keymap rc-cec
[   18.548767] rc rc1: vc4-hdmi-1 as /devices/platform/soc/fef05700.hdmi/rc/rc1
[   18.556103] input: vc4-hdmi-1 as /devices/platform/soc/fef05700.hdmi/rc/rc1/input16
[   18.567714] vc4-drm gpu: bound fef05700.hdmi (ops vc4_hdmi_ops [vc4])
[   18.574707] vc4-drm gpu: bound fe004000.txp (ops vc4_txp_ops [vc4])
[   18.581215] vc4-drm gpu: bound fe206000.pixelvalve (ops vc4_crtc_ops [vc4])
[   18.588724] vc4-drm gpu: bound fe207000.pixelvalve (ops vc4_crtc_ops [vc4])
[   18.596038] vc4-drm gpu: bound fe20a000.pixelvalve (ops vc4_crtc_ops [vc4])
[   18.603240] vc4-drm gpu: bound fe216000.pixelvalve (ops vc4_crtc_ops [vc4])
[   18.611644] [drm] Initialized vc4 0.0.0 20140616 for gpu on minor 1
[   18.618800] brcmfmac mmc0:0001:1: firmware: failed to load brcm/brcmfmac43455-sdio.raspberrypi,4-compute-module.clm_blob (-2)
[   18.670288] Console: switching to colour frame buffer device 200x75
[   18.670898] brcmfmac mmc0:0001:1: firmware: direct-loading firmware brcm/brcmfmac43455-sdio.clm_blob
[   18.701225] bcm2835_mmal_vchiq: module is from the staging directory, the quality is unknown, you have been warned.
[   18.705059] vc4-drm gpu: [drm] fb0: vc4drmfb frame buffer device
[   18.733029] bcm2835_v4l2: module is from the staging directory, the quality is unknown, you have been warned.
[   18.832350] Bluetooth: Core ver 2.22
[   18.836129] NET: Registered PF_BLUETOOTH protocol family
[   18.841551] Bluetooth: HCI device and connection manager initialized
[   18.848043] Bluetooth: HCI socket layer initialized
[   18.853088] Bluetooth: L2CAP socket layer initialized
[   18.858268] Bluetooth: SCO socket layer initialized
[   18.936415] Bluetooth: HCI UART driver ver 2.3
[   18.940979] Bluetooth: HCI UART protocol H4 registered
[   18.946320] Bluetooth: HCI UART protocol LL registered
[   18.948980] audit: type=1400 audit(1677582949.963:2): apparmor="STATUS" operation="profile_load" profile="unconfined" name="lsb_release" pid=461 comm="apparmor_parser"
[   18.951557] Bluetooth: HCI UART protocol ATH3K registered
[   18.966764] audit: type=1400 audit(1677582949.963:3): apparmor="STATUS" operation="profile_load" profile="unconfined" name="nvidia_modprobe" pid=462 comm="apparmor_parser"
[   18.972291] Bluetooth: HCI UART protocol Three-wire (H5) registered
[   18.987764] audit: type=1400 audit(1677582949.963:4): apparmor="STATUS" operation="profile_load" profile="unconfined" name="nvidia_modprobe//kmod" pid=462 comm="apparmor_parser"
[   18.994374] Bluetooth: HCI UART protocol Intel registered
[   19.010372] audit: type=1400 audit(1677582949.991:5): apparmor="STATUS" operation="profile_load" profile="unconfined" name="/usr/lib/NetworkManager/nm-dhcp-client.action" pid=463 comm="apparmor_parser"
[   19.016164] Bluetooth: HCI UART protocol Broadcom registered
[   19.017411] hci_uart_bcm serial0-0: supply vbat not found, using dummy regulator
[   19.017569] hci_uart_bcm serial0-0: supply vddio not found, using dummy regulator
[   19.034772] audit: type=1400 audit(1677582949.991:6): apparmor="STATUS" operation="profile_load" profile="unconfined" name="/usr/lib/NetworkManager/nm-dhcp-helper" pid=463 comm="apparmor_parser"
[   19.039829] Bluetooth: HCI UART protocol QCA registered
[   19.047288] audit: type=1400 audit(1677582949.991:7): apparmor="STATUS" operation="profile_load" profile="unconfined" name="/usr/lib/connman/scripts/dhclient-script" pid=463 comm="apparmor_parser"
[   19.047299] audit: type=1400 audit(1677582949.991:8): apparmor="STATUS" operation="profile_load" profile="unconfined" name="/{,usr/}sbin/dhclient" pid=463 comm="apparmor_parser"
[   19.054889] Bluetooth: HCI UART protocol AG6XX registered
[   19.054950] Bluetooth: HCI UART protocol Marvell registered
[   19.134505] uart-pl011 fe201000.serial: no DMA platform data
[   19.370913] Bluetooth: hci0: BCM: chip id 107
[   19.375612] Bluetooth: hci0: BCM: features 0x2f
[   19.381706] Bluetooth: hci0: BCM4345C0
[   19.386000] Bluetooth: hci0: BCM4345C0 (003.001.025) build 0000
[   19.392776] bluetooth hci0: firmware: failed to load brcm/BCM4345C0.raspberrypi,4-compute-module.hcd (-2)
[   19.403129] bluetooth hci0: firmware: failed to load brcm/BCM4345C0.raspberrypi,4-compute-module.hcd (-2)
[   19.415722] bluetooth hci0: firmware: direct-loading firmware brcm/BCM4345C0.hcd
[   19.423826] Bluetooth: hci0: BCM4345C0 'brcm/BCM4345C0.hcd' Patch
[   19.762410] brcmfmac: brcmf_sdio_htclk: HT Avail timeout (1000000): clkctl 0x50
[   20.194838] bcmgenet fd580000.ethernet: configuring instance for external RGMII (RX delay)
[   20.243163] Bluetooth: hci0: BCM: features 0x2f
[   20.249533] Bluetooth: hci0: BCM43455 37.4MHz Raspberry Pi 3+-0187
[   20.255164] bcmgenet fd580000.ethernet eth0: Link is Down
[   20.255810] Bluetooth: hci0: BCM4345C0 (003.001.025) build 0370
[   20.774460] brcmfmac: brcmf_sdio_htclk: HT Avail timeout (1000000): clkctl 0x50
[   24.350481] bcmgenet fd580000.ethernet eth0: Link is Up - 1Gbps/Full - flow control rx/tx
[   24.358855] IPv6: ADDRCONF(NETDEV_CHANGE): eth0: link becomes ready
