[    0.000000] Booting Linux on physical CPU 0x0000000000 [0x410fd083]
[    0.000000] Linux version 6.1.0-7-arm64 (debian-kernel@lists.debian.org) (gcc-12 (Debian 12.2.0-14) 12.2.0, GNU ld (GNU Binutils for Debian) 2.40) #1 SMP Debian 6.1.20-1 (2023-03-19)
[    0.000000] random: crng init done
[    0.000000] Machine model: Raspberry Pi Compute Module 4 Rev 1.1
[    0.000000] earlycon: uart8250 at MMIO32 0x00000000fe215040 (options '')
[    0.000000] printk: bootconsole [uart8250] enabled
[    0.000000] efi: UEFI not found.
[    0.000000] Reserved memory: created CMA memory pool at 0x0000000037400000, size 64 MiB
[    0.000000] OF: reserved mem: initialized node linux,cma, compatible id shared-dma-pool
[    0.000000] NUMA: No NUMA configuration found
[    0.000000] NUMA: Faking a node at [mem 0x0000000000000000-0x00000001ffffffff]
[    0.000000] NUMA: NODE_DATA [mem 0x1ff012380-0x1ff014fff]
[    0.000000] Zone ranges:
[    0.000000]   DMA      [mem 0x0000000000000000-0x000000003fffffff]
[    0.000000]   DMA32    [mem 0x0000000040000000-0x00000000ffffffff]
[    0.000000]   Normal   [mem 0x0000000100000000-0x00000001ffffffff]
[    0.000000] Movable zone start for each node
[    0.000000] Early memory node ranges
[    0.000000]   node   0: [mem 0x0000000000000000-0x000000003b3fffff]
[    0.000000]   node   0: [mem 0x0000000040000000-0x00000000fbffffff]
[    0.000000]   node   0: [mem 0x0000000100000000-0x00000001ffffffff]
[    0.000000] Initmem setup node 0 [mem 0x0000000000000000-0x00000001ffffffff]
[    0.000000] On node 0, zone DMA32: 19456 pages in unavailable ranges
[    0.000000] On node 0, zone Normal: 16384 pages in unavailable ranges
[    0.000000] percpu: Embedded 30 pages/cpu s83560 r8192 d31128 u122880
[    0.000000] Detected PIPT I-cache on CPU0
[    0.000000] CPU features: detected: Spectre-v2
[    0.000000] CPU features: detected: Spectre-v3a
[    0.000000] CPU features: detected: Spectre-v4
[    0.000000] CPU features: detected: Spectre-BHB
[    0.000000] CPU features: kernel page table isolation forced ON by KASLR
[    0.000000] CPU features: detected: Kernel page table isolation (KPTI)
[    0.000000] CPU features: detected: ARM erratum 1742098
[    0.000000] CPU features: detected: ARM errata 1165522, 1319367, or 1530923
[    0.000000] alternatives: applying boot alternatives
[    0.000000] Fallback order for Node 0: 0 
[    0.000000] Built 1 zonelists, mobility grouping on.  Total pages: 2028848
[    0.000000] Policy zone: Normal
[    0.000000] Kernel command line: video=HDMI-A-1:1600x1200M@60 dma.dmachans=0x37f5 bcm2709.boardrev=0xd03141 bcm2709.serial=0xc2ac5161 bcm2709.uart_clock=48000000 smsc95xx.macaddr=E4:5F:01:E3:49:90 vc_mem.mem_base=0x3ec00000 vc_mem.mem_size=0x40000000  console=ttyS1,115200 root=LABEL=RASPIROOT rw fsck.repair=yes net.ifnames=0  rootwait earlycon=uart8250,mmio32,0xfe215040
[    0.000000] Dentry cache hash table entries: 1048576 (order: 11, 8388608 bytes, linear)
[    0.000000] Inode-cache hash table entries: 524288 (order: 10, 4194304 bytes, linear)
[    0.000000] mem auto-init: stack:all(zero), heap alloc:on, heap free:off
[    0.000000] software IO TLB: area num 4.
[    0.000000] software IO TLB: mapped [mem 0x0000000033400000-0x0000000037400000] (64MB)
[    0.000000] Memory: 3977956K/8245248K available (12736K kernel code, 2752K rwdata, 18048K rodata, 6208K init, 610K bss, 299592K reserved, 65536K cma-reserved)
[    0.000000] SLUB: HWalign=64, Order=0-3, MinObjects=0, CPUs=4, Nodes=1
[    0.000000] ftrace: allocating 42837 entries in 168 pages
[    0.000000] ftrace: allocated 168 pages with 3 groups
[    0.000000] trace event string verifier disabled
[    0.000000] rcu: Hierarchical RCU implementation.
[    0.000000] rcu: 	RCU restricting CPUs from NR_CPUS=256 to nr_cpu_ids=4.
[    0.000000] 	Rude variant of Tasks RCU enabled.
[    0.000000] 	Tracing variant of Tasks RCU enabled.
[    0.000000] rcu: RCU calculated value of scheduler-enlistment delay is 25 jiffies.
[    0.000000] rcu: Adjusting geometry for rcu_fanout_leaf=16, nr_cpu_ids=4
[    0.000000] NR_IRQS: 64, nr_irqs: 64, preallocated irqs: 0
[    0.000000] Root IRQ handler: gic_handle_irq
[    0.000000] GIC: Using split EOI/Deactivate mode
[    0.000000] rcu: srcu_init: Setting srcu_struct sizes based on contention.
[    0.000000] arch_timer: cp15 timer(s) running at 54.00MHz (phys).
[    0.000000] clocksource: arch_sys_counter: mask: 0xffffffffffffff max_cycles: 0xc743ce346, max_idle_ns: 440795203123 ns
[    0.000000] sched_clock: 56 bits at 54MHz, resolution 18ns, wraps every 4398046511102ns
[    0.008282] Console: colour dummy device 80x25
[    0.012822] Calibrating delay loop (skipped), value calculated using timer frequency.. 108.00 BogoMIPS (lpj=216000)
[    0.023373] pid_max: default: 32768 minimum: 301
[    0.028090] LSM: Security Framework initializing
[    0.032778] landlock: Up and running.
[    0.036470] Yama: disabled by default; enable with sysctl kernel.yama.*
[    0.043235] AppArmor: AppArmor initialized
[    0.047374] TOMOYO Linux initialized
[    0.050995] LSM support for eBPF active
[    0.054967] Mount-cache hash table entries: 16384 (order: 5, 131072 bytes, linear)
[    0.062664] Mountpoint-cache hash table entries: 16384 (order: 5, 131072 bytes, linear)
[    0.071992] cblist_init_generic: Setting adjustable number of callback queues.
[    0.079317] cblist_init_generic: Setting shift to 2 and lim to 1.
[    0.085528] cblist_init_generic: Setting shift to 2 and lim to 1.
[    0.091824] rcu: Hierarchical SRCU implementation.
[    0.096662] rcu: 	Max phase no-delay instances is 1000.
[    0.103082] EFI services will not be available.
[    0.107994] smp: Bringing up secondary CPUs ...
[    0.112959] Detected PIPT I-cache on CPU1
[    0.113044] CPU1: Booted secondary processor 0x0000000001 [0x410fd083]
[    0.113435] Detected PIPT I-cache on CPU2
[    0.113487] CPU2: Booted secondary processor 0x0000000002 [0x410fd083]
[    0.113862] Detected PIPT I-cache on CPU3
[    0.113914] CPU3: Booted secondary processor 0x0000000003 [0x410fd083]
[    0.113957] smp: Brought up 1 node, 4 CPUs
[    0.149999] SMP: Total of 4 processors activated.
[    0.154748] CPU features: detected: 32-bit EL0 Support
[    0.159933] CPU features: detected: 32-bit EL1 Support
[    0.165121] CPU features: detected: CRC32 instructions
[    0.170366] CPU: All CPU(s) started at EL2
[    0.174509] alternatives: applying system-wide alternatives
[    0.251998] node 0 deferred pages initialised in 68ms
[    0.258481] devtmpfs: initialized
[    0.267050] Registered cp15_barrier emulation handler
[    0.272178] Registered setend emulation handler
[    0.276879] clocksource: jiffies: mask: 0xffffffff max_cycles: 0xffffffff, max_idle_ns: 7645041785100000 ns
[    0.286757] futex hash table entries: 1024 (order: 4, 65536 bytes, linear)
[    0.295052] pinctrl core: initialized pinctrl subsystem
[    0.301232] DMI not present or invalid.
[    0.305443] NET: Registered PF_NETLINK/PF_ROUTE protocol family
[    0.312721] DMA: preallocated 1024 KiB GFP_KERNEL pool for atomic allocations
[    0.320410] DMA: preallocated 1024 KiB GFP_KERNEL|GFP_DMA pool for atomic allocations
[    0.329247] DMA: preallocated 1024 KiB GFP_KERNEL|GFP_DMA32 pool for atomic allocations
[    0.337359] audit: initializing netlink subsys (disabled)
[    0.342967] audit: type=2000 audit(0.248:1): state=initialized audit_enabled=0 res=1
[    0.343503] thermal_sys: Registered thermal governor 'fair_share'
[    0.350797] thermal_sys: Registered thermal governor 'bang_bang'
[    0.356951] thermal_sys: Registered thermal governor 'step_wise'
[    0.363016] thermal_sys: Registered thermal governor 'user_space'
[    0.369081] thermal_sys: Registered thermal governor 'power_allocator'
[    0.375261] cpuidle: using governor ladder
[    0.385994] cpuidle: using governor menu
[    0.390074] hw-breakpoint: found 6 breakpoint and 4 watchpoint registers.
[    0.396988] ASID allocator initialised with 32768 entries
[    0.402687] Serial: AMBA PL011 UART driver
[    0.414618] KASLR enabled
[    0.420476] HugeTLB: registered 1.00 GiB page size, pre-allocated 0 pages
[    0.427342] HugeTLB: 0 KiB vmemmap can be freed for a 1.00 GiB page
[    0.433673] HugeTLB: registered 32.0 MiB page size, pre-allocated 0 pages
[    0.440527] HugeTLB: 0 KiB vmemmap can be freed for a 32.0 MiB page
[    0.446855] HugeTLB: registered 2.00 MiB page size, pre-allocated 0 pages
[    0.453710] HugeTLB: 0 KiB vmemmap can be freed for a 2.00 MiB page
[    0.460038] HugeTLB: registered 64.0 KiB page size, pre-allocated 0 pages
[    0.466891] HugeTLB: 0 KiB vmemmap can be freed for a 64.0 KiB page
[    0.474354] ACPI: Interpreter disabled.
[    0.478480] iommu: Default domain type: Translated 
[    0.483409] iommu: DMA domain TLB invalidation policy: strict mode 
[    0.489864] EDAC MC: Ver: 3.0.0
[    0.493813] NetLabel: Initializing
[    0.497244] NetLabel:  domain hash size = 128
[    0.501642] NetLabel:  protocols = UNLABELED CIPSOv4 CALIPSO
[    0.507389] NetLabel:  unlabeled traffic allowed by default
[    0.513150] vgaarb: loaded
[    0.516122] clocksource: Switched to clocksource arch_sys_counter
[    0.522705] VFS: Disk quotas dquot_6.6.0
[    0.526796] VFS: Dquot-cache hash table entries: 512 (order 0, 4096 bytes)
[    0.534421] AppArmor: AppArmor Filesystem Enabled
[    0.539360] pnp: PnP ACPI: disabled
[    0.547587] NET: Registered PF_INET protocol family
[    0.553056] IP idents hash table entries: 131072 (order: 8, 1048576 bytes, linear)
[    0.564280] tcp_listen_portaddr_hash hash table entries: 4096 (order: 4, 65536 bytes, linear)
[    0.573082] Table-perturb hash table entries: 65536 (order: 6, 262144 bytes, linear)
[    0.581162] TCP established hash table entries: 65536 (order: 7, 524288 bytes, linear)
[    0.590164] TCP bind hash table entries: 65536 (order: 9, 2097152 bytes, linear)
[    0.600234] TCP: Hash tables configured (established 65536 bind 65536)
[    0.607202] MPTCP token hash table entries: 8192 (order: 5, 196608 bytes, linear)
[    0.615181] UDP hash table entries: 4096 (order: 5, 131072 bytes, linear)
[    0.622150] UDP-Lite hash table entries: 4096 (order: 5, 131072 bytes, linear)
[    0.629611] NET: Registered PF_UNIX/PF_LOCAL protocol family
[    0.635351] NET: Registered PF_XDP protocol family
[    0.640195] PCI: CLS 0 bytes, default 64
[    0.644465] Trying to unpack rootfs image as initramfs...
[    0.650003] hw perfevents: enabled with armv8_cortex_a72 PMU driver, 7 counters available
[    0.658538] kvm [1]: IPA Size Limit: 44 bits
[    0.664709] kvm [1]: vgic interrupt IRQ9
[    0.669279] kvm [1]: Hyp mode initialized successfully
[    0.675675] Initialise system trusted keyrings
[    0.680234] Key type blacklist registered
[    0.684599] workingset: timestamp_bits=42 max_order=21 bucket_order=0
[    0.694446] zbud: loaded
[    0.697799] integrity: Platform Keyring initialized
[    0.702805] integrity: Machine keyring initialized
[    0.707674] Key type asymmetric registered
[    0.711838] Asymmetric key parser 'x509' registered
[    1.657942] Freeing initrd memory: 32520K
[    1.675578] alg: self-tests for CTR-KDF (hmac(sha256)) passed
[    1.681518] Block layer SCSI generic (bsg) driver version 0.4 loaded (major 249)
[    1.689304] io scheduler mq-deadline registered
[    1.696052] irq_brcmstb_l2: registered L2 intc (/soc/interrupt-controller@7ef00100, parent irq: 18)
[    1.708892] shpchp: Standard Hot Plug PCI Controller Driver version: 0.4
[    1.716069] brcm-pcie fd500000.pcie: host bridge /scb/pcie@7d500000 ranges:
[    1.723111] brcm-pcie fd500000.pcie:   No bus range found for /scb/pcie@7d500000, using [bus 00-ff]
[    1.732265] brcm-pcie fd500000.pcie:      MEM 0x0600000000..0x0603ffffff -> 0x00f8000000
[    1.740451] brcm-pcie fd500000.pcie:   IB MEM 0x0000000000..0x01ffffffff -> 0x0400000000
[    1.749203] brcm-pcie fd500000.pcie: PCI host bridge to bus 0000:00
[    1.755541] pci_bus 0000:00: root bus resource [bus 00-ff]
[    1.761084] pci_bus 0000:00: root bus resource [mem 0x600000000-0x603ffffff] (bus address [0xf8000000-0xfbffffff])
[    1.771563] pci 0000:00:00.0: [14e4:2711] type 01 class 0x060400
[    1.777675] pci 0000:00:00.0: PME# supported from D0 D3hot
[    1.784171] pci 0000:00:00.0: bridge configuration invalid ([bus 00-00]), reconfiguring
[    1.810184] brcm-pcie fd500000.pcie: link up, 5.0 GT/s PCIe x1 (SSC)
[    1.864750] SError Interrupt on CPU0, code 0x00000000bf000002 -- SError
[    1.864756] CPU: 0 PID: 1 Comm: swapper/0 Not tainted 6.1.0-7-arm64 #1  Debian 6.1.20-1
[    1.864762] Hardware name: Raspberry Pi Compute Module 4 Rev 1.1 (DT)
[    1.864764] pstate: 200000c5 (nzCv daIF -PAN -UAO -TCO -DIT -SSBS BTYPE=--)
[    1.864769] pc : pci_generic_config_read+0x44/0xc0
[    1.864778] lr : pci_generic_config_read+0x2c/0xc0
[    1.864782] sp : ffff80000802b840
[    1.864784] x29: ffff80000802b840 x28: ffff2f6b00b1f000 x27: 0000000000000000
[    1.864791] x26: ffff2f6b00b19800 x25: 0000000000000001 x24: 0000000000000000
[    1.864796] x23: 0000000000000000 x22: ffff80000802b924 x21: ffffcc9147b66000
[    1.864801] x20: ffff80000802b8a4 x19: 0000000000000004 x18: 0000000000000006
[    1.864806] x17: 6572202c295d3030 x16: 2d3030207375625b x15: ffff80000802b340
[    1.864811] x14: 0000000000000000 x13: 2943535328203178 x12: 206549435020732f
[    1.864815] x11: 00000000ffffefff x10: ffffcc91478d01e0 x9 : ffffcc9145a53bbc
[    1.864820] x8 : 0000000000017fe8 x7 : c0000000ffffefff x6 : 000000000000000b
[    1.864825] x5 : ffff2f6b00b19380 x4 : ffff800008a00000 x3 : ffff800008a09000
[    1.864830] x2 : 0000000000008000 x1 : 00000000deaddead x0 : ffff800008a08000
[    1.864836] Kernel panic - not syncing: Asynchronous SError Interrupt
[    1.864839] CPU: 0 PID: 1 Comm: swapper/0 Not tainted 6.1.0-7-arm64 #1  Debian 6.1.20-1
[    1.864843] Hardware name: Raspberry Pi Compute Module 4 Rev 1.1 (DT)
[    1.864845] Call trace:
[    1.864848]  dump_backtrace+0xe4/0x140
[    1.864854]  show_stack+0x20/0x30
[    1.864857]  dump_stack_lvl+0x64/0x80
[    1.864865]  dump_stack+0x18/0x34
[    1.864870]  panic+0x180/0x358
[    1.864876]  nmi_panic+0xb4/0xbc
[    1.864881]  arm64_serror_panic+0x78/0x84
[    1.864885]  do_serror+0x30/0x7c
[    1.864889]  el1h_64_error_handler+0x30/0x4c
[    1.864893]  el1h_64_error+0x64/0x68
[    1.864897]  pci_generic_config_read+0x44/0xc0
[    1.864900]  pci_bus_read_config_dword+0x9c/0x160
[    1.864904]  pci_bus_generic_read_dev_vendor_id+0x38/0x180
[    1.864910]  pci_scan_single_device+0xac/0x114
[    1.864914]  pci_scan_slot+0x70/0x1fc
[    1.864919]  pci_scan_child_bus_extend+0x50/0x2e0
[    1.864923]  pci_scan_bridge_extend+0x32c/0x5c0
[    1.864928]  pci_scan_child_bus_extend+0x1c4/0x2e0
[    1.864932]  pci_scan_root_bus_bridge+0x6c/0xe0
[    1.864937]  pci_host_probe+0x20/0xd0
[    1.864942]  brcm_pcie_probe+0x258/0x630
[    1.864949]  platform_probe+0x70/0xcc
[    1.864955]  really_probe+0xc8/0x3e0
[    1.864959]  __driver_probe_device+0x84/0x190
[    1.864962]  driver_probe_device+0x44/0x120
[    1.864966]  __driver_attach+0xfc/0x204
[    1.864970]  bus_for_each_dev+0x7c/0xdc
[    1.864978]  driver_attach+0x2c/0x40
[    1.864981]  bus_add_driver+0x184/0x240
[    1.864985]  driver_register+0x80/0x13c
[    1.864989]  __platform_driver_register+0x30/0x3c
[    1.864993]  brcm_pcie_driver_init+0x24/0x30
[    1.864999]  do_one_initcall+0x60/0x260
[    1.865003]  kernel_init_freeable+0x2a0/0x310
[    1.865009]  kernel_init+0x2c/0x140
[    1.865013]  ret_from_fork+0x10/0x20
[    1.865020] SMP: stopping secondary CPUs
[    1.865026] Kernel Offset: 0x4c913d400000 from 0xffff800008000000
[    1.865028] PHYS_OFFSET: 0xffffd09600000000
[    1.865029] CPU features: 0x20000,2013c080,0000421b
[    1.865033] Memory Limit: none
[    2.168409] ---[ end Kernel panic - not syncing: Asynchronous SError Interrupt ]---
