[    0.000000] Booting Linux on physical CPU 0x0000000000 [0x410fd083]
[    0.000000] Linux version 5.15.0-v8+ (dom@buildbot) (aarch64-linux-gnu-gcc-8 (Ubuntu/Linaro 8.4.0-3ubuntu1) 8.4.0, GNU ld (GNU Binutils for Ubuntu) 2.34) #1476 SMP PREEMPT Tue Nov 2 11:31:56 GMT 2021
[    0.000000] random: fast init done
[    0.000000] Machine model: Raspberry Pi Compute Module 4 Rev 1.1
[    0.000000] efi: UEFI not found.
[    0.000000] Reserved memory: created CMA memory pool at 0x000000001ac00000, size 320 MiB
[    0.000000] OF: reserved mem: initialized node linux,cma, compatible id shared-dma-pool
[    0.000000] Zone ranges:
[    0.000000]   DMA      [mem 0x0000000000000000-0x000000003fffffff]
[    0.000000]   DMA32    [mem 0x0000000040000000-0x00000000ffffffff]
[    0.000000]   Normal   [mem 0x0000000100000000-0x00000001ffffffff]
[    0.000000] Movable zone start for each node
[    0.000000] Early memory node ranges
[    0.000000]   node   0: [mem 0x0000000000000000-0x000000003e5fffff]
[    0.000000]   node   0: [mem 0x0000000040000000-0x00000000fbffffff]
[    0.000000]   node   0: [mem 0x0000000100000000-0x00000001ffffffff]
[    0.000000] Initmem setup node 0 [mem 0x0000000000000000-0x00000001ffffffff]
[    0.000000] On node 0, zone DMA32: 512 pages in unavailable ranges
[    0.000000] percpu: Embedded 28 pages/cpu s77080 r8192 d29416 u114688
[    0.000000] Detected PIPT I-cache on CPU0
[    0.000000] CPU features: detected: Spectre-v2
[    0.000000] CPU features: detected: Spectre-v4
[    0.000000] CPU features: detected: ARM errata 1165522, 1319367, or 1530923
[    0.000000] Built 1 zonelists, mobility grouping on.  Total pages: 2041344
[    0.000000] Kernel command line: coherent_pool=1M 8250.nr_uarts=1 snd_bcm2835.enable_compat_alsa=0 snd_bcm2835.enable_hdmi=1 video=HDMI-A-1:1600x1200M@60 smsc95xx.macaddr=E4:5F:01:E3:49:90 vc_mem.mem_base=0x3f000000 vc_mem.mem_size=0x3f600000  console=ttyAMA0,115200 console=tty1 root=PARTUUID=41248a72-02 rootfstype=ext4 fsck.repair=yes rootwait
[    0.000000] Dentry cache hash table entries: 1048576 (order: 11, 8388608 bytes, linear)
[    0.000000] Inode-cache hash table entries: 524288 (order: 10, 4194304 bytes, linear)
[    0.000000] mem auto-init: stack:off, heap alloc:off, heap free:off
[    0.000000] software IO TLB: mapped [mem 0x000000003a600000-0x000000003e600000] (64MB)
[    0.000000] Memory: 7719684K/8296448K available (11456K kernel code, 1962K rwdata, 4132K rodata, 3776K init, 963K bss, 249084K reserved, 327680K cma-reserved)
[    0.000000] SLUB: HWalign=64, Order=0-3, MinObjects=0, CPUs=4, Nodes=1
[    0.000000] ftrace: allocating 37837 entries in 148 pages
[    0.000000] ftrace: allocated 148 pages with 3 groups
[    0.000000] trace event string verifier disabled
[    0.000000] rcu: Preemptible hierarchical RCU implementation.
[    0.000000] rcu: 	RCU event tracing is enabled.
[    0.000000] rcu: 	RCU restricting CPUs from NR_CPUS=256 to nr_cpu_ids=4.
[    0.000000] 	Trampoline variant of Tasks RCU enabled.
[    0.000000] 	Rude variant of Tasks RCU enabled.
[    0.000000] 	Tracing variant of Tasks RCU enabled.
[    0.000000] rcu: RCU calculated value of scheduler-enlistment delay is 25 jiffies.
[    0.000000] rcu: Adjusting geometry for rcu_fanout_leaf=16, nr_cpu_ids=4
[    0.000000] NR_IRQS: 64, nr_irqs: 64, preallocated irqs: 0
[    0.000000] Root IRQ handler: gic_handle_irq
[    0.000000] GIC: Using split EOI/Deactivate mode
[    0.000000] irq_brcmstb_l2: registered L2 intc (/soc/interrupt-controller@7ef00100, parent irq: 10)
[    0.000000] random: get_random_bytes called from start_kernel+0x510/0x6f8 with crng_init=1
[    0.000000] arch_timer: cp15 timer(s) running at 54.00MHz (phys).
[    0.000000] clocksource: arch_sys_counter: mask: 0xffffffffffffff max_cycles: 0xc743ce346, max_idle_ns: 440795203123 ns
[    0.000002] sched_clock: 56 bits at 54MHz, resolution 18ns, wraps every 4398046511102ns
[    0.000262] Console: colour dummy device 80x25
[    0.000827] printk: console [tty1] enabled
[    0.000914] Calibrating delay loop (skipped), value calculated using timer frequency.. 108.00 BogoMIPS (lpj=216000)
[    0.000955] pid_max: default: 32768 minimum: 301
[    0.001100] LSM: Security Framework initializing
[    0.001350] Mount-cache hash table entries: 16384 (order: 5, 131072 bytes, linear)
[    0.001485] Mountpoint-cache hash table entries: 16384 (order: 5, 131072 bytes, linear)
[    0.002768] cgroup: Disabling memory control group subsystem
[    0.005324] rcu: Hierarchical SRCU implementation.
[    0.006473] EFI services will not be available.
[    0.007052] smp: Bringing up secondary CPUs ...
[    0.008213] Detected PIPT I-cache on CPU1
[    0.008297] CPU1: Booted secondary processor 0x0000000001 [0x410fd083]
[    0.009459] Detected PIPT I-cache on CPU2
[    0.009509] CPU2: Booted secondary processor 0x0000000002 [0x410fd083]
[    0.010669] Detected PIPT I-cache on CPU3
[    0.010718] CPU3: Booted secondary processor 0x0000000003 [0x410fd083]
[    0.010874] smp: Brought up 1 node, 4 CPUs
[    0.010965] SMP: Total of 4 processors activated.
[    0.010986] CPU features: detected: 32-bit EL0 Support
[    0.011005] CPU features: detected: 32-bit EL1 Support
[    0.011026] CPU features: detected: CRC32 instructions
[    0.042683] CPU: All CPU(s) started at EL2
[    0.042779] alternatives: patching kernel code
[    0.044989] devtmpfs: initialized
[    0.056026] Enabled cp15_barrier support
[    0.056132] Enabled setend support
[    0.056343] clocksource: jiffies: mask: 0xffffffff max_cycles: 0xffffffff, max_idle_ns: 7645041785100000 ns
[    0.056394] futex hash table entries: 1024 (order: 4, 65536 bytes, linear)
[    0.067881] pinctrl core: initialized pinctrl subsystem
[    0.068781] DMI not present or invalid.
[    0.069296] NET: Registered PF_NETLINK/PF_ROUTE protocol family
[    0.073005] DMA: preallocated 1024 KiB GFP_KERNEL pool for atomic allocations
[    0.073328] DMA: preallocated 1024 KiB GFP_KERNEL|GFP_DMA pool for atomic allocations
[    0.074246] DMA: preallocated 1024 KiB GFP_KERNEL|GFP_DMA32 pool for atomic allocations
[    0.074357] audit: initializing netlink subsys (disabled)
[    0.074662] audit: type=2000 audit(0.072:1): state=initialized audit_enabled=0 res=1
[    0.075190] thermal_sys: Registered thermal governor 'step_wise'
[    0.075415] cpuidle: using governor menu
[    0.075752] hw-breakpoint: found 6 breakpoint and 4 watchpoint registers.
[    0.075950] ASID allocator initialised with 65536 entries
[    0.076122] Serial: AMBA PL011 UART driver
[    0.090166] bcm2835-mbox fe00b880.mailbox: mailbox enabled
[    0.116457] raspberrypi-firmware soc:firmware: Attached to firmware from 2021-11-02T11:33:02, variant start_cd
[    0.120476] raspberrypi-firmware soc:firmware: Firmware hash is dd030fac93d836beb7c019524e6925c783605cd3
[    0.170033] bcm2835-dma fe007000.dma: DMA legacy API manager, dmachans=0x1
[    0.173905] vgaarb: loaded
[    0.174349] SCSI subsystem initialized
[    0.174564] usbcore: registered new interface driver usbfs
[    0.174631] usbcore: registered new interface driver hub
[    0.174708] usbcore: registered new device driver usb
[    0.175088] usb_phy_generic phy: supply vcc not found, using dummy regulator
[    0.175560] pps_core: LinuxPPS API ver. 1 registered
[    0.175586] pps_core: Software ver. 5.3.6 - Copyright 2005-2007 Rodolfo Giometti <giometti@linux.it>
[    0.175625] PTP clock support registered
[    0.177201] clocksource: Switched to clocksource arch_sys_counter
[    0.269754] VFS: Disk quotas dquot_6.6.0
[    0.269884] VFS: Dquot-cache hash table entries: 512 (order 0, 4096 bytes)
[    0.270067] FS-Cache: Loaded
[    0.270334] CacheFiles: Loaded
[    0.271479] simple-framebuffer 3ec1f000.framebuffer: framebuffer at 0x3ec1f000, 0x3a9800 bytes
[    0.271515] simple-framebuffer 3ec1f000.framebuffer: format=r5g6b5, mode=1600x1200x16, linelength=3200
[    0.277488] Console: switching to colour frame buffer device 200x75
[    0.282917] simple-framebuffer 3ec1f000.framebuffer: fb0: simplefb registered!
[    0.293310] NET: Registered PF_INET protocol family
[    0.294357] IP idents hash table entries: 131072 (order: 8, 1048576 bytes, linear)
[    0.300391] tcp_listen_portaddr_hash hash table entries: 4096 (order: 4, 65536 bytes, linear)
[    0.300563] TCP established hash table entries: 65536 (order: 7, 524288 bytes, linear)
[    0.301132] TCP bind hash table entries: 65536 (order: 8, 1048576 bytes, linear)
[    0.302192] TCP: Hash tables configured (established 65536 bind 65536)
[    0.302596] UDP hash table entries: 4096 (order: 5, 131072 bytes, linear)
[    0.302794] UDP-Lite hash table entries: 4096 (order: 5, 131072 bytes, linear)
[    0.303286] NET: Registered PF_UNIX/PF_LOCAL protocol family
[    0.304431] RPC: Registered named UNIX socket transport module.
[    0.304492] RPC: Registered udp transport module.
[    0.304535] RPC: Registered tcp transport module.
[    0.304576] RPC: Registered tcp NFSv4.1 backchannel transport module.
[    0.304635] PCI: CLS 0 bytes, default 64
[    0.307516] hw perfevents: enabled with armv8_cortex_a72 PMU driver, 7 counters available
[    0.307949] kvm [1]: IPA Size Limit: 44 bits
[    0.309191] kvm [1]: vgic interrupt IRQ9
[    0.309491] kvm [1]: Hyp mode initialized successfully
[    1.191689] Initialise system trusted keyrings
[    1.192100] workingset: timestamp_bits=46 max_order=21 bucket_order=0
[    1.198955] zbud: loaded
[    1.200786] FS-Cache: Netfs 'nfs' registered for caching
[    1.201604] NFS: Registering the id_resolver key type
[    1.201680] Key type id_resolver registered
[    1.201720] Key type id_legacy registered
[    1.201846] nfs4filelayout_init: NFSv4 File Layout Driver Registering...
[    1.201904] nfs4flexfilelayout_init: NFSv4 Flexfile Layout Driver Registering...
[    1.203163] Key type asymmetric registered
[    1.203212] Asymmetric key parser 'x509' registered
[    1.203331] Block layer SCSI generic (bsg) driver version 0.4 loaded (major 247)
[    1.203657] io scheduler mq-deadline registered
[    1.203706] io scheduler kyber registered
[    1.212115] gpio-507 (ant1): hogged as output/high
[    1.213575] gpio-511 (ant2): hogged as output/low
[    1.215003] brcm-pcie fd500000.pcie: host bridge /scb/pcie@7d500000 ranges:
[    1.215089] brcm-pcie fd500000.pcie:   No bus range found for /scb/pcie@7d500000, using [bus 00-ff]
[    1.215229] brcm-pcie fd500000.pcie:      MEM 0x0600000000..0x063fffffff -> 0x00c0000000
[    1.215360] brcm-pcie fd500000.pcie:   IB MEM 0x0000000000..0x01ffffffff -> 0x0400000000
[    1.311295] brcm-pcie fd500000.pcie: link up, 5.0 GT/s PCIe x1 (SSC)
[    1.311728] brcm-pcie fd500000.pcie: PCI host bridge to bus 0000:00
[    1.311790] pci_bus 0000:00: root bus resource [bus 00-ff]
[    1.311843] pci_bus 0000:00: root bus resource [mem 0x600000000-0x63fffffff] (bus address [0xc0000000-0xffffffff])
[    1.311987] pci 0000:00:00.0: [14e4:2711] type 01 class 0x060400
[    1.312279] pci 0000:00:00.0: PME# supported from D0 D3hot
[    1.318031] pci 0000:00:00.0: bridge configuration invalid ([bus 00-00]), reconfiguring
[    1.392187] pci 0000:01:00.0: [1b21:1064] type 00 class 0x010601
[    1.394089] pci 0000:01:00.0: reg 0x10: [mem 0x00000000-0x00001fff]
[    1.396010] pci 0000:01:00.0: reg 0x24: [mem 0x00000000-0x00001fff]
[    1.397839] pci 0000:01:00.0: reg 0x30: [mem 0x00000000-0x0007ffff pref]
[    1.399637] pci 0000:01:00.0: enabling Extended Tags
[    1.401596] pci 0000:01:00.0: PME# supported from D0 D3hot D3cold
[    1.403438] pci 0000:01:00.0: 2.000 Gb/s available PCIe bandwidth, limited by 2.5 GT/s PCIe x1 link at 0000:00:00.0 (capable of 7.876 Gb/s with 8.0 GT/s PCIe x1 link)
[    1.420627] pci_bus 0000:01: busn_res: [bus 01-ff] end is updated to 01
[    1.422577] pci 0000:00:00.0: BAR 8: assigned [mem 0x600000000-0x6000fffff]
[    1.424481] pci 0000:01:00.0: BAR 6: assigned [mem 0x600000000-0x60007ffff pref]
[    1.426378] pci 0000:01:00.0: BAR 0: assigned [mem 0x600080000-0x600081fff]
[    1.428241] pci 0000:01:00.0: BAR 5: assigned [mem 0x600082000-0x600083fff]
[    1.430093] pci 0000:00:00.0: PCI bridge to [bus 01]
[    1.431922] pci 0000:00:00.0:   bridge window [mem 0x600000000-0x6000fffff]
[    1.440346] Serial: 8250/16550 driver, 1 ports, IRQ sharing enabled
[    1.445107] iproc-rng200 fe104000.rng: hwrng registered
[    1.447561] vc-mem: phys_addr:0x00000000 mem_base=0x3f000000 mem_size:0x3f600000(1014 MiB)
[    1.450875] gpiomem-bcm2835 fe200000.gpiomem: Initialised: Registers at 0xfe200000
[    1.453157] cacheinfo: Unable to detect cache hierarchy for CPU 0
[    1.466496] brd: module loaded
[    1.478190] loop: module loaded
[    1.480862] Loading iSCSI transport class v2.0-870.
[    1.486072] libphy: Fixed MDIO Bus: probed
[    1.489682] bcmgenet fd580000.ethernet: GENET 5.0 EPHY: 0x0000
[    1.501232] libphy: bcmgenet MII bus: probed
[    1.549356] unimac-mdio unimac-mdio.-19: Broadcom UniMAC MDIO bus
[    1.552293] usbcore: registered new interface driver r8152
[    1.554171] usbcore: registered new interface driver lan78xx
[    1.555987] usbcore: registered new interface driver smsc95xx
[    1.583785] xhci-hcd fe9c0000.xhci: xHCI Host Controller
[    1.585573] xhci-hcd fe9c0000.xhci: new USB bus registered, assigned bus number 1
[    1.587622] xhci-hcd fe9c0000.xhci: hcc params 0x0220fe65 hci version 0x110 quirks 0x0000000000010010
[    1.589475] xhci-hcd fe9c0000.xhci: irq 63, io mem 0xfe9c0000
[    1.591459] xhci-hcd fe9c0000.xhci: xHCI Host Controller
[    1.593208] xhci-hcd fe9c0000.xhci: new USB bus registered, assigned bus number 2
[    1.594946] xhci-hcd fe9c0000.xhci: Host supports USB 3.0 SuperSpeed
[    1.597030] usb usb1: New USB device found, idVendor=1d6b, idProduct=0002, bcdDevice= 5.15
[    1.598821] usb usb1: New USB device strings: Mfr=3, Product=2, SerialNumber=1
[    1.600574] usb usb1: Product: xHCI Host Controller
[    1.602328] usb usb1: Manufacturer: Linux 5.15.0-v8+ xhci-hcd
[    1.604054] usb usb1: SerialNumber: fe9c0000.xhci
[    1.606490] hub 1-0:1.0: USB hub found
[    1.608282] hub 1-0:1.0: 1 port detected
[    1.610677] usb usb2: We don't know the algorithms for LPM for this host, disabling LPM.
[    1.612674] usb usb2: New USB device found, idVendor=1d6b, idProduct=0003, bcdDevice= 5.15
[    1.614455] usb usb2: New USB device strings: Mfr=3, Product=2, SerialNumber=1
[    1.616207] usb usb2: Product: xHCI Host Controller
[    1.617963] usb usb2: Manufacturer: Linux 5.15.0-v8+ xhci-hcd
[    1.619707] usb usb2: SerialNumber: fe9c0000.xhci
[    1.622064] hub 2-0:1.0: USB hub found
[    1.623861] hub 2-0:1.0: config failed, hub doesn't have any ports! (err -19)
[    1.626145] dwc_otg: version 3.00a 10-AUG-2012 (platform bus)
[    1.628860] usbcore: registered new interface driver uas
[    1.630735] usbcore: registered new interface driver usb-storage
[    1.632699] mousedev: PS/2 mouse device common for all mice
[    1.639883] sdhci: Secure Digital Host Controller Interface driver
[    1.641689] sdhci: Copyright(c) Pierre Ossman
[    1.644045] sdhci-pltfm: SDHCI platform and OF driver helper
[    1.649062] ledtrig-cpu: registered to indicate activity on CPUs
[    1.651438] hid: raw HID events driver (C) Jiri Kosina
[    1.653355] usbcore: registered new interface driver usbhid
[    1.655090] usbhid: USB HID core driver
[    1.657155] ashmem: initialized
[    1.667649] Initializing XFRM netlink socket
[    1.669522] NET: Registered PF_PACKET protocol family
[    1.671362] Key type dns_resolver registered
[    1.674304] registered taskstats version 1
[    1.676034] Loading compiled-in X.509 certificates
[    1.678379] Key type ._fscrypt registered
[    1.680079] Key type .fscrypt registered
[    1.681773] Key type fscrypt-provisioning registered
[    1.695231] uart-pl011 fe201000.serial: there is not valid maps for state default
[    1.697273] uart-pl011 fe201000.serial: cts_event_workaround enabled
[    1.699156] fe201000.serial: ttyAMA0 at MMIO 0xfe201000 (irq = 23, base_baud = 0) is a PL011 rev2
[    1.865272] usb 1-1: new high-speed USB device number 2 using xhci-hcd
[    1.878532] printk: console [ttyAMA0] enabled
[    2.033447] usb 1-1: New USB device found, idVendor=0424, idProduct=2514, bcdDevice= b.b3
[    2.084876] bcm2835-wdt bcm2835-wdt: Broadcom BCM2835 watchdog timer
[    2.090492] usb 1-1: New USB device strings: Mfr=0, Product=0, SerialNumber=0
[    2.140949] hub 1-1:1.0: USB hub found
[    2.142266] bcm2835-power bcm2835-power: Broadcom BCM2835 power domains driver
[    2.146192] hub 1-1:1.0: 4 ports detected
[    2.163661] of_cfs_init
[    2.201908] mmc0: SDHCI controller on fe340000.mmc [fe340000.mmc] using ADMA
[    2.207284] of_cfs_init: OK
[    3.199424] Waiting for root device PARTUUID=41248a72-02...
[    3.296045] mmc0: new ultra high speed DDR50 SDHC card at address 0001
[    3.305488] mmcblk0: mmc0:0001 JB1RT 29.8 GiB 
[    3.315346]  mmcblk0: p1 p2
[    3.320464] mmcblk0: mmc0:0001 JB1RT 29.8 GiB
[    3.343017] EXT4-fs (mmcblk0p2): mounted filesystem with ordered data mode. Opts: (null). Quota mode: none.
[    3.354714] VFS: Mounted root (ext4 filesystem) readonly on device 179:2.
[    3.368705] devtmpfs: mounted
[    3.381311] usb 1-1.1: new full-speed USB device number 3 using xhci-hcd
[    3.381998] Freeing unused kernel memory: 3776K
[    3.396540] Run /sbin/init as init process
[    3.496313] usb 1-1.1: New USB device found, idVendor=046d, idProduct=c52b, bcdDevice=12.10
[    3.506677] usb 1-1.1: New USB device strings: Mfr=1, Product=2, SerialNumber=0
[    3.515874] usb 1-1.1: Product: USB Receiver
[    3.522111] usb 1-1.1: Manufacturer: Logitech
[    3.648479] input: Logitech USB Receiver as /devices/platform/scb/fe9c0000.xhci/usb1/1-1/1-1.1/1-1.1:1.0/0003:046D:C52B.0001/input/input0
[    3.722190] hid-generic 0003:046D:C52B.0001: input,hidraw0: USB HID v1.11 Keyboard [Logitech USB Receiver] on usb-fe9c0000.xhci-1.1/input0
[    3.773303] input: Logitech USB Receiver Mouse as /devices/platform/scb/fe9c0000.xhci/usb1/1-1/1-1.1/1-1.1:1.1/0003:046D:C52B.0002/input/input1
[    3.789112] input: Logitech USB Receiver Consumer Control as /devices/platform/scb/fe9c0000.xhci/usb1/1-1/1-1.1/1-1.1:1.1/0003:046D:C52B.0002/input/input2
[    3.839711] systemd[1]: System time before build time, advancing clock.
[    3.869706] input: Logitech USB Receiver System Control as /devices/platform/scb/fe9c0000.xhci/usb1/1-1/1-1.1/1-1.1:1.1/0003:046D:C52B.0002/input/input3
[    3.886085] hid-generic 0003:046D:C52B.0002: input,hiddev96,hidraw1: USB HID v1.11 Mouse [Logitech USB Receiver] on usb-fe9c0000.xhci-1.1/input1
[    3.905535] hid-generic 0003:046D:C52B.0003: hiddev97,hidraw2: USB HID v1.11 Device [Logitech USB Receiver] on usb-fe9c0000.xhci-1.1/input2
[    3.995723] NET: Registered PF_INET6 protocol family
[    4.001289] usb 1-1.2: new full-speed USB device number 4 using xhci-hcd
[    4.004716] Segment Routing with IPv6
[    4.017401] In-situ OAM (IOAM) with IPv6
[    4.077490] systemd[1]: systemd 247.3-7+deb11u1 running in system mode. (+PAM +AUDIT +SELINUX +IMA +APPARMOR +SMACK +SYSVINIT +UTMP +LIBCRYPTSETUP +GCRYPT +GNUTLS +ACL +XZ +LZ4 +ZSTD +SECCOMP +BLKID +ELFUTILS +KMOD +IDN2 -IDN +PCRE2 default-hierarchy=unified)
[    4.105950] systemd[1]: Detected architecture arm64.
[    4.110237] usb 1-1.2: New USB device found, idVendor=04d9, idProduct=0132, bcdDevice= 1.10
[    4.123849] usb 1-1.2: New USB device strings: Mfr=0, Product=2, SerialNumber=3
[    4.133463] usb 1-1.2: Product: USB Keyboard
[    4.140260] usb 1-1.2: SerialNumber: 000000000008
[    4.155439] systemd[1]: Set hostname to <piserver>.
[    4.288487] input: USB Keyboard as /devices/platform/scb/fe9c0000.xhci/usb1/1-1/1-1.2/1-1.2:1.0/0003:04D9:0132.0004/input/input5
[    4.319952] uart-pl011 fe201000.serial: no DMA platform data
[    4.366471] hid-generic 0003:04D9:0132.0004: input,hidraw3: USB HID v1.11 Keyboard [USB Keyboard] on usb-fe9c0000.xhci-1.2/input0
[    4.383967] hid-generic 0003:04D9:0132.0005: hiddev98,hidraw4: USB HID v1.11 Device [USB Keyboard] on usb-fe9c0000.xhci-1.2/input1
[    4.403248] input: USB Keyboard System Control as /devices/platform/scb/fe9c0000.xhci/usb1/1-1/1-1.2/1-1.2:1.2/0003:04D9:0132.0006/input/input6
[    4.477657] input: USB Keyboard Consumer Control as /devices/platform/scb/fe9c0000.xhci/usb1/1-1/1-1.2/1-1.2:1.2/0003:04D9:0132.0006/input/input7
[    4.493549] input: USB Keyboard Mouse as /devices/platform/scb/fe9c0000.xhci/usb1/1-1/1-1.2/1-1.2:1.2/0003:04D9:0132.0006/input/input8
[    4.508553] input: USB Keyboard as /devices/platform/scb/fe9c0000.xhci/usb1/1-1/1-1.2/1-1.2:1.2/0003:04D9:0132.0006/input/input9
[    4.522935] hid-generic 0003:04D9:0132.0006: input,hidraw5: USB HID v1.11 Mouse [USB Keyboard] on usb-fe9c0000.xhci-1.2/input2
[    5.069381] systemd[1]: Queued start job for default target Multi-User System.
[    5.081435] random: systemd: uninitialized urandom read (16 bytes read)
[    5.092905] systemd[1]: Created slice system-getty.slice.
[    5.104089] random: systemd: uninitialized urandom read (16 bytes read)
[    5.114298] systemd[1]: Created slice system-modprobe.slice.
[    5.125420] random: systemd: uninitialized urandom read (16 bytes read)
[    5.135630] systemd[1]: Created slice system-serial\x2dgetty.slice.
[    5.148470] systemd[1]: Created slice system-systemd\x2dfsck.slice.
[    5.161016] systemd[1]: Created slice User and Session Slice.
[    5.172614] systemd[1]: Started Dispatch Password Requests to Console Directory Watch.
[    5.186385] systemd[1]: Started Forward Password Requests to Wall Directory Watch.
[    5.200443] systemd[1]: Set up automount Arbitrary Executable File Formats File System Automount Point.
[    5.215619] systemd[1]: Reached target Local Encrypted Volumes.
[    5.227209] systemd[1]: Reached target Paths.
[    5.237062] systemd[1]: Reached target Slices.
[    5.246989] systemd[1]: Reached target Swap.
[    5.257751] systemd[1]: Listening on Syslog Socket.
[    5.268734] systemd[1]: Listening on fsck to fsckd communication Socket.
[    5.281269] systemd[1]: Listening on initctl Compatibility Named Pipe.
[    5.294397] systemd[1]: Listening on Journal Audit Socket.
[    5.306082] systemd[1]: Listening on Journal Socket (/dev/log).
[    5.318394] systemd[1]: Listening on Journal Socket.
[    5.330546] systemd[1]: Listening on udev Control Socket.
[    5.341996] systemd[1]: Listening on udev Kernel Socket.
[    5.353253] systemd[1]: Condition check resulted in Huge Pages File System being skipped.
[    5.367879] systemd[1]: Mounting POSIX Message Queue File System...
[    5.384389] systemd[1]: Mounting RPC Pipe File System...
[    5.400634] systemd[1]: Mounting Kernel Debug File System...
[    5.417303] systemd[1]: Mounting Kernel Trace File System...
[    5.428807] systemd[1]: Condition check resulted in Kernel Module supporting RPCSEC_GSS being skipped.
[    5.446005] systemd[1]: Starting Restore / save the current clock...
[    5.465391] systemd[1]: Starting Set the console keyboard layout...
[    5.482800] systemd[1]: Starting Create list of static device nodes for the current kernel...
[    5.501977] systemd[1]: Starting Load Kernel Module configfs...
[    5.518333] systemd[1]: Starting Load Kernel Module drm...
[    5.534898] systemd[1]: Starting Load Kernel Module fuse...
[    5.557255] systemd[1]: Condition check resulted in Set Up Additional Binary Formats being skipped.
[    5.572613] fuse: init (API version 7.34)
[    5.574878] systemd[1]: Starting File System Check on Root Device...
[    5.601041] systemd[1]: Starting Journal Service...
[    5.654893] systemd[1]: Starting Load Kernel Modules...
[    5.670517] systemd[1]: Starting Coldplug All udev Devices...
[    5.710199] systemd[1]: Mounted POSIX Message Queue File System.
[    5.722689] systemd[1]: Mounted RPC Pipe File System.
[    5.734369] systemd[1]: Mounted Kernel Debug File System.
[    5.745871] systemd[1]: Mounted Kernel Trace File System.
[    5.758057] systemd[1]: Finished Restore / save the current clock.
[    5.771584] systemd[1]: Finished Create list of static device nodes for the current kernel.
[    5.787556] systemd[1]: modprobe@configfs.service: Succeeded.
[    5.797882] systemd[1]: Finished Load Kernel Module configfs.
[    5.810772] systemd[1]: modprobe@drm.service: Succeeded.
[    5.819840] systemd[1]: Finished Load Kernel Module drm.
[    5.832464] systemd[1]: modprobe@fuse.service: Succeeded.
[    5.841842] systemd[1]: Finished Load Kernel Module fuse.
[    5.854498] systemd[1]: Finished Load Kernel Modules.
[    5.870776] systemd[1]: Mounting FUSE Control File System...
[    5.889811] systemd[1]: Mounting Kernel Configuration File System...
[    5.905651] systemd[1]: Started File System Check Daemon to report status.
[    5.922511] systemd[1]: Starting Apply Kernel Variables...
[    5.939778] systemd[1]: Finished File System Check on Root Device.
[    5.955485] systemd[1]: Mounted FUSE Control File System.
[    5.969990] systemd[1]: Started Journal Service.

Debian GNU/Linux 11 piserver ttyAMA0

piserver login: 